Running phase: unpackPhase
unpacking source archive /nix/store/ihipzy15jg98xq9yfb1n7hiswmaxrfra-source
source root is source/V2rayNG
Running phase: patchPhase
Running phase: updateAutotoolsGnuConfigScriptsPhase
Running phase: configurePhase
Certificate was added to keystore
no configure script, doing nothing
Running phase: gradleUpdateScript

Welcome to Gradle 9.4.1!

Here are the highlights of this release:
 - Java 26 support
 - Non-class-based JVM tests
 - Enhanced console progress bar

For more details see https://docs.gradle.org/9.4.1/release-notes.html

To honour the JVM settings for this build a single-use Daemon process will be forked. For more on this, please refer to https://docs.gradle.org/9.4.1/userguide/gradle_daemon.html#sec:disabling_the_daemon in the Gradle documentation.
Daemon will be stopped at the end of the build 

FAILURE: Build failed with an exception.

* Where:
Build file '/tmp/nix-shell-968153-2293144957/tmp.Ge9KkJDDv4/source/V2rayNG/app/build.gradle.kts' line: 1

* What went wrong:
An exception occurred applying plugin request [id: 'com.android.application', version: '9.3.1', artifact: 'com.android.tools.build:gradle:9.3.1']
> Failed to apply plugin 'com.android.internal.version-check'.
   > Minimum supported Gradle version is 9.5.0. Current version is 9.4.1.
     Try updating the 'distributionUrl' property in /tmp/nix-shell-968153-2293144957/tmp.Ge9KkJDDv4/source/V2rayNG/gradle/wrapper/gradle-wrapper.properties to 'gradle-9.5.0-bin.zip'.

* Try:
> Run with --stacktrace option to get the stack trace.
> Run with --info or --debug option to get more log output.
> Run with --scan to get full insights from a Build Scan (powered by Develocity).
> Get more help at https://help.gradle.org.

BUILD FAILED in 2s
rm: cannot remove '/tmp/nix-shell-968153-2293144957/tmp.Ge9KkJDDv4/source/fastlane/metadata/android/en-US/title.txt': Permission denied
rm: cannot remove '/tmp/nix-shell-968153-2293144957/tmp.Ge9KkJDDv4/source/fastlane/metadata/android/en-US/full_description.txt': Permission denied
rm: cannot remove '/tmp/nix-shell-968153-2293144957/tmp.Ge9KkJDDv4/source/fastlane/metadata/android/en-US/short_description.txt': Permission denied
rm: cannot remove '/tmp/nix-shell-968153-2293144957/tmp.Ge9KkJDDv4/source/fastlane/metadata/android/en-US/images/icon.png': Permission denied
rm: cannot remove '/tmp/nix-shell-968153-2293144957/tmp.Ge9KkJDDv4/source/V2rayNG': Permission denied
rm: cannot remove '/tmp/nix-shell-968153-2293144957/tmp.Ge9KkJDDv4/source/LICENSE': Permission denied
rm: cannot remove '/tmp/nix-shell-968153-2293144957/tmp.Ge9KkJDDv4/source/hev-socks5-tunnel/.gitignore': Permission denied
rm: cannot remove '/tmp/nix-shell-968153-2293144957/tmp.Ge9KkJDDv4/source/hev-socks5-tunnel/Application.mk': Permission denied
rm: cannot remove '/tmp/nix-shell-968153-2293144957/tmp.Ge9KkJDDv4/source/hev-socks5-tunnel/third-part/lwip/.github/workflows/build.yaml': Permission denied
rm: cannot remove '/tmp/nix-shell-968153-2293144957/tmp.Ge9KkJDDv4/source/hev-socks5-tunnel/third-part/lwip/Makefile': Permission denied
rm: cannot remove '/tmp/nix-shell-968153-2293144957/tmp.Ge9KkJDDv4/source/hev-socks5-tunnel/third-part/lwip/src/ports/win32/netif/sio.c': Permission denied
rm: cannot remove '/tmp/nix-shell-968153-2293144957/tmp.Ge9KkJDDv4/source/hev-socks5-tunnel/third-part/lwip/src/ports/win32/include/bpstruct.h': Permission denied
rm: cannot remove '/tmp/nix-shell-968153-2293144957/tmp.Ge9KkJDDv4/source/hev-socks5-tunnel/third-part/lwip/src/ports/win32/include/epstruct.h': Permission denied
rm: cannot remove '/tmp/nix-shell-968153-2293144957/tmp.Ge9KkJDDv4/source/hev-socks5-tunnel/third-part/lwip/src/ports/win32/include/sys_arch.h': Permission denied
rm: cannot remove '/tmp/nix-shell-968153-2293144957/tmp.Ge9KkJDDv4/source/hev-socks5-tunnel/third-part/lwip/src/ports/win32/include/perf.h': Permission denied
rm: cannot remove '/tmp/nix-shell-968153-2293144957/tmp.Ge9KkJDDv4/source/hev-socks5-tunnel/third-part/lwip/src/ports/win32/include/cc.h': Permission denied
rm: cannot remove '/tmp/nix-shell-968153-2293144957/tmp.Ge9KkJDDv4/source/hev-socks5-tunnel/third-part/lwip/src/ports/win32/lib/sys_arch.c': Permission denied
rm: cannot remove '/tmp/nix-shell-968153-2293144957/tmp.Ge9KkJDDv4/source/hev-socks5-tunnel/third-part/lwip/src/ports/include/lwipopts.h': Permission denied
rm: cannot remove '/tmp/nix-shell-968153-2293144957/tmp.Ge9KkJDDv4/source/hev-socks5-tunnel/third-part/lwip/src/ports/include/arch/perf.h': Permission denied
rm: cannot remove '/tmp/nix-shell-968153-2293144957/tmp.Ge9KkJDDv4/source/hev-socks5-tunnel/third-part/lwip/src/ports/include/arch/epstruct.h': Permission denied
rm: cannot remove '/tmp/nix-shell-968153-2293144957/tmp.Ge9KkJDDv4/source/hev-socks5-tunnel/third-part/lwip/src/ports/include/arch/bpstruct.h': Permission denied
rm: cannot remove '/tmp/nix-shell-968153-2293144957/tmp.Ge9KkJDDv4/source/hev-socks5-tunnel/third-part/lwip/src/ports/include/arch/cc.h': Permission denied
rm: cannot remove '/tmp/nix-shell-968153-2293144957/tmp.Ge9KkJDDv4/source/hev-socks5-tunnel/third-part/lwip/src/ports/include/arch/sys_arch.h': Permission denied
rm: cannot remove '/tmp/nix-shell-968153-2293144957/tmp.Ge9KkJDDv4/source/hev-socks5-tunnel/third-part/lwip/src/ports/include/netif/fifo.h': Permission denied
rm: cannot remove '/tmp/nix-shell-968153-2293144957/tmp.Ge9KkJDDv4/source/hev-socks5-tunnel/third-part/lwip/src/ports/include/netif/tapif.h': Permission denied
rm: cannot remove '/tmp/nix-shell-968153-2293144957/tmp.Ge9KkJDDv4/source/hev-socks5-tunnel/third-part/lwip/src/ports/include/netif/list.h': Permission denied
rm: cannot remove '/tmp/nix-shell-968153-2293144957/tmp.Ge9KkJDDv4/source/hev-socks5-tunnel/third-part/lwip/src/ports/include/netif/sio.h': Permission denied
rm: cannot remove '/tmp/nix-shell-968153-2293144957/tmp.Ge9KkJDDv4/source/hev-socks5-tunnel/third-part/lwip/src/ports/include/netif/pcapif.h': Permission denied
rm: cannot remove '/tmp/nix-shell-968153-2293144957/tmp.Ge9KkJDDv4/source/hev-socks5-tunnel/third-part/lwip/src/ports/lib/mem.c': Permission denied
rm: cannot remove '/tmp/nix-shell-968153-2293144957/tmp.Ge9KkJDDv4/source/hev-socks5-tunnel/third-part/lwip/src/ports/unix/include/netif/sio.h': Permission denied
rm: cannot remove '/tmp/nix-shell-968153-2293144957/tmp.Ge9KkJDDv4/source/hev-socks5-tunnel/third-part/lwip/src/ports/unix/include/netif/tapif.h': Permission denied
rm: cannot remove '/tmp/nix-shell-968153-2293144957/tmp.Ge9KkJDDv4/source/hev-socks5-tunnel/third-part/lwip/src/ports/unix/include/netif/pcapif.h': Permission denied
rm: cannot remove '/tmp/nix-shell-968153-2293144957/tmp.Ge9KkJDDv4/source/hev-socks5-tunnel/third-part/lwip/src/ports/unix/include/netif/list.h': Permission denied
rm: cannot remove '/tmp/nix-shell-968153-2293144957/tmp.Ge9KkJDDv4/source/hev-socks5-tunnel/third-part/lwip/src/ports/unix/include/netif/fifo.h': Permission denied
rm: cannot remove '/tmp/nix-shell-968153-2293144957/tmp.Ge9KkJDDv4/source/hev-socks5-tunnel/third-part/lwip/src/ports/unix/include/sys_arch.h': Permission denied
rm: cannot remove '/tmp/nix-shell-968153-2293144957/tmp.Ge9KkJDDv4/source/hev-socks5-tunnel/third-part/lwip/src/ports/unix/include/cc.h': Permission denied
rm: cannot remove '/tmp/nix-shell-968153-2293144957/tmp.Ge9KkJDDv4/source/hev-socks5-tunnel/third-part/lwip/src/ports/unix/include/perf.h': Permission denied
rm: cannot remove '/tmp/nix-shell-968153-2293144957/tmp.Ge9KkJDDv4/source/hev-socks5-tunnel/third-part/lwip/src/ports/unix/netif/list.c': Permission denied
rm: cannot remove '/tmp/nix-shell-968153-2293144957/tmp.Ge9KkJDDv4/source/hev-socks5-tunnel/third-part/lwip/src/ports/unix/netif/fifo.c': Permission denied
rm: cannot remove '/tmp/nix-shell-968153-2293144957/tmp.Ge9KkJDDv4/source/hev-socks5-tunnel/third-part/lwip/src/ports/unix/netif/tapif.c': Permission denied
rm: cannot remove '/tmp/nix-shell-968153-2293144957/tmp.Ge9KkJDDv4/source/hev-socks5-tunnel/third-part/lwip/src/ports/unix/netif/pcapif.c': Permission denied
rm: cannot remove '/tmp/nix-shell-968153-2293144957/tmp.Ge9KkJDDv4/source/hev-socks5-tunnel/third-part/lwip/src/ports/unix/netif/sio.c': Permission denied
rm: cannot remove '/tmp/nix-shell-968153-2293144957/tmp.Ge9KkJDDv4/source/hev-socks5-tunnel/third-part/lwip/src/ports/unix/lib/perf.c': Permission denied
rm: cannot remove '/tmp/nix-shell-968153-2293144957/tmp.Ge9KkJDDv4/source/hev-socks5-tunnel/third-part/lwip/src/ports/unix/lib/sys_arch.c': Permission denied
rm: cannot remove '/tmp/nix-shell-968153-2293144957/tmp.Ge9KkJDDv4/source/hev-socks5-tunnel/third-part/lwip/src/include/lwip/snmp.h': Permission denied
rm: cannot remove '/tmp/nix-shell-968153-2293144957/tmp.Ge9KkJDDv4/source/hev-socks5-tunnel/third-part/lwip/src/include/lwip/ip4_addr.h': Permission denied
rm: cannot remove '/tmp/nix-shell-968153-2293144957/tmp.Ge9KkJDDv4/source/hev-socks5-tunnel/third-part/lwip/src/include/lwip/tcp.h': Permission denied
rm: cannot remove '/tmp/nix-shell-968153-2293144957/tmp.Ge9KkJDDv4/source/hev-socks5-tunnel/third-part/lwip/src/include/lwip/udp.h': Permission denied
rm: cannot remove '/tmp/nix-shell-968153-2293144957/tmp.Ge9KkJDDv4/source/hev-socks5-tunnel/third-part/lwip/src/include/lwip/mld6.h': Permission denied
rm: cannot remove '/tmp/nix-shell-968153-2293144957/tmp.Ge9KkJDDv4/source/hev-socks5-tunnel/third-part/lwip/src/include/lwip/dhcp.h': Permission denied
rm: cannot remove '/tmp/nix-shell-968153-2293144957/tmp.Ge9KkJDDv4/source/hev-socks5-tunnel/third-part/lwip/src/include/lwip/prot/ip6.h': Permission denied
rm: cannot remove '/tmp/nix-shell-968153-2293144957/tmp.Ge9KkJDDv4/source/hev-socks5-tunnel/third-part/lwip/src/include/lwip/prot/igmp.h': Permission denied
rm: cannot remove '/tmp/nix-shell-968153-2293144957/tmp.Ge9KkJDDv4/source/hev-socks5-tunnel/third-part/lwip/src/include/lwip/prot/dhcp6.h': Permission denied
rm: cannot remove '/tmp/nix-shell-968153-2293144957/tmp.Ge9KkJDDv4/source/hev-socks5-tunnel/third-part/lwip/src/include/lwip/prot/nd6.h': Permission denied
rm: cannot remove '/tmp/nix-shell-968153-2293144957/tmp.Ge9KkJDDv4/source/hev-socks5-tunnel/third-part/lwip/src/include/lwip/prot/autoip.h': Permission denied
rm: cannot remove '/tmp/nix-shell-968153-2293144957/tmp.Ge9KkJDDv4/source/hev-socks5-tunnel/third-part/lwip/src/include/lwip/prot/ieee.h': Permission denied
rm: cannot remove '/tmp/nix-shell-968153-2293144957/tmp.Ge9KkJDDv4/source/hev-socks5-tunnel/third-part/lwip/src/include/lwip/prot/ip4.h': Permission denied
rm: cannot remove '/tmp/nix-shell-968153-2293144957/tmp.Ge9KkJDDv4/source/hev-socks5-tunnel/third-part/lwip/src/include/lwip/prot/iana.h': Permission denied
rm: cannot remove '/tmp/nix-shell-968153-2293144957/tmp.Ge9KkJDDv4/source/hev-socks5-tunnel/third-part/lwip/src/include/lwip/prot/ethernet.h': Permission denied
rm: cannot remove '/tmp/nix-shell-968153-2293144957/tmp.Ge9KkJDDv4/source/hev-socks5-tunnel/third-part/lwip/src/include/lwip/prot/dhcp.h': Permission denied
rm: cannot remove '/tmp/nix-shell-968153-2293144957/tmp.Ge9KkJDDv4/source/hev-socks5-tunnel/third-part/lwip/src/include/lwip/prot/icmp6.h': Permission denied
rm: cannot remove '/tmp/nix-shell-968153-2293144957/tmp.Ge9KkJDDv4/source/hev-socks5-tunnel/third-part/lwip/src/include/lwip/prot/dns.h': Permission denied
rm: cannot remove '/tmp/nix-shell-968153-2293144957/tmp.Ge9KkJDDv4/source/hev-socks5-tunnel/third-part/lwip/src/include/lwip/prot/mld6.h': Permission denied
rm: cannot remove '/tmp/nix-shell-968153-2293144957/tmp.Ge9KkJDDv4/source/hev-socks5-tunnel/third-part/lwip/src/include/lwip/prot/tcp.h': Permission denied
rm: cannot remove '/tmp/nix-shell-968153-2293144957/tmp.Ge9KkJDDv4/source/hev-socks5-tunnel/third-part/lwip/src/include/lwip/prot/etharp.h': Permission denied
rm: cannot remove '/tmp/nix-shell-968153-2293144957/tmp.Ge9KkJDDv4/source/hev-socks5-tunnel/third-part/lwip/src/include/lwip/prot/udp.h': Permission denied
rm: cannot remove '/tmp/nix-shell-968153-2293144957/tmp.Ge9KkJDDv4/source/hev-socks5-tunnel/third-part/lwip/src/include/lwip/prot/acd.h': Permission denied
rm: cannot remove '/tmp/nix-shell-968153-2293144957/tmp.Ge9KkJDDv4/source/hev-socks5-tunnel/third-part/lwip/src/include/lwip/prot/icmp.h': Permission denied
rm: cannot remove '/tmp/nix-shell-968153-2293144957/tmp.Ge9KkJDDv4/source/hev-socks5-tunnel/third-part/lwip/src/include/lwip/prot/ip.h': Permission denied
rm: cannot remove '/tmp/nix-shell-968153-2293144957/tmp.Ge9KkJDDv4/source/hev-socks5-tunnel/third-part/lwip/src/include/lwip/netdb.h': Permission denied
rm: cannot remove '/tmp/nix-shell-968153-2293144957/tmp.Ge9KkJDDv4/source/hev-socks5-tunnel/third-part/lwip/src/include/lwip/memp.h': Permission denied
rm: cannot remove '/tmp/nix-shell-968153-2293144957/tmp.Ge9KkJDDv4/source/hev-socks5-tunnel/third-part/lwip/src/include/lwip/ip6_frag.h': Permission denied
rm: cannot remove '/tmp/nix-shell-968153-2293144957/tmp.Ge9KkJDDv4/source/hev-socks5-tunnel/third-part/lwip/src/include/lwip/ip6_addr.h': Permission denied
rm: cannot remove '/tmp/nix-shell-968153-2293144957/tmp.Ge9KkJDDv4/source/hev-socks5-tunnel/third-part/lwip/src/include/lwip/stats.h': Permission denied
rm: cannot remove '/tmp/nix-shell-968153-2293144957/tmp.Ge9KkJDDv4/source/hev-socks5-tunnel/third-part/lwip/src/include/lwip/init.h': Permission denied
rm: cannot remove '/tmp/nix-shell-968153-2293144957/tmp.Ge9KkJDDv4/source/hev-socks5-tunnel/third-part/lwip/src/include/lwip/netbuf.h': Permission denied
rm: cannot remove '/tmp/nix-shell-968153-2293144957/tmp.Ge9KkJDDv4/source/hev-socks5-tunnel/third-part/lwip/src/include/lwip/ip4_frag.h': Permission denied
rm: cannot remove '/tmp/nix-shell-968153-2293144957/tmp.Ge9KkJDDv4/source/hev-socks5-tunnel/third-part/lwip/src/include/lwip/errno.h': Permission denied
rm: cannot remove '/tmp/nix-shell-968153-2293144957/tmp.Ge9KkJDDv4/source/hev-socks5-tunnel/third-part/lwip/src/include/lwip/acd.h': Permission denied
rm: cannot remove '/tmp/nix-shell-968153-2293144957/tmp.Ge9KkJDDv4/source/hev-socks5-tunnel/third-part/lwip/src/include/lwip/dhcp6.h': Permission denied
rm: cannot remove '/tmp/nix-shell-968153-2293144957/tmp.Ge9KkJDDv4/source/hev-socks5-tunnel/third-part/lwip/src/include/lwip/ip_addr.h': Permission denied
rm: cannot remove '/tmp/nix-shell-968153-2293144957/tmp.Ge9KkJDDv4/source/hev-socks5-tunnel/third-part/lwip/src/include/lwip/icmp.h': Permission denied
rm: cannot remove '/tmp/nix-shell-968153-2293144957/tmp.Ge9KkJDDv4/source/hev-socks5-tunnel/third-part/lwip/src/include/lwip/tcpip.h': Permission denied
rm: cannot remove '/tmp/nix-shell-968153-2293144957/tmp.Ge9KkJDDv4/source/hev-socks5-tunnel/third-part/lwip/src/include/lwip/inet_chksum.h': Permission denied
rm: cannot remove '/tmp/nix-shell-968153-2293144957/tmp.Ge9KkJDDv4/source/hev-socks5-tunnel/third-part/lwip/src/include/lwip/netif.h': Permission denied
rm: cannot remove '/tmp/nix-shell-968153-2293144957/tmp.Ge9KkJDDv4/source/hev-socks5-tunnel/third-part/lwip/src/include/lwip/etharp.h': Permission denied
rm: cannot remove '/tmp/nix-shell-968153-2293144957/tmp.Ge9KkJDDv4/source/hev-socks5-tunnel/third-part/lwip/src/include/lwip/dns.h': Permission denied
rm: cannot remove '/tmp/nix-shell-968153-2293144957/tmp.Ge9KkJDDv4/source/hev-socks5-tunnel/third-part/lwip/src/include/lwip/netifapi.h': Permission denied
rm: cannot remove '/tmp/nix-shell-968153-2293144957/tmp.Ge9KkJDDv4/source/hev-socks5-tunnel/third-part/lwip/src/include/lwip/altcp_tcp.h': Permission denied
rm: cannot remove '/tmp/nix-shell-968153-2293144957/tmp.Ge9KkJDDv4/source/hev-socks5-tunnel/third-part/lwip/src/include/lwip/priv/memp_priv.h': Permission denied
rm: cannot remove '/tmp/nix-shell-968153-2293144957/tmp.Ge9KkJDDv4/source/hev-socks5-tunnel/third-part/lwip/src/include/lwip/priv/nd6_priv.h': Permission denied
rm: cannot remove '/tmp/nix-shell-968153-2293144957/tmp.Ge9KkJDDv4/source/hev-socks5-tunnel/third-part/lwip/src/include/lwip/priv/raw_priv.h': Permission denied
rm: cannot remove '/tmp/nix-shell-968153-2293144957/tmp.Ge9KkJDDv4/source/hev-socks5-tunnel/third-part/lwip/src/include/lwip/priv/tcp_priv.h': Permission denied
rm: cannot remove '/tmp/nix-shell-968153-2293144957/tmp.Ge9KkJDDv4/source/hev-socks5-tunnel/third-part/lwip/src/include/lwip/priv/api_msg.h': Permission denied
rm: cannot remove '/tmp/nix-shell-968153-2293144957/tmp.Ge9KkJDDv4/source/hev-socks5-tunnel/third-part/lwip/src/include/lwip/priv/altcp_priv.h': Permission denied
rm: cannot remove '/tmp/nix-shell-968153-2293144957/tmp.Ge9KkJDDv4/source/hev-socks5-tunnel/third-part/lwip/src/include/lwip/priv/mem_priv.h': Permission denied
rm: cannot remove '/tmp/nix-shell-968153-2293144957/tmp.Ge9KkJDDv4/source/hev-socks5-tunnel/third-part/lwip/src/include/lwip/priv/tcpip_priv.h': Permission denied
rm: cannot remove '/tmp/nix-shell-968153-2293144957/tmp.Ge9KkJDDv4/source/hev-socks5-tunnel/third-part/lwip/src/include/lwip/priv/memp_std.h': Permission denied
rm: cannot remove '/tmp/nix-shell-968153-2293144957/tmp.Ge9KkJDDv4/source/hev-socks5-tunnel/third-part/lwip/src/include/lwip/priv/sockets_priv.h': Permission denied
rm: cannot remove '/tmp/nix-shell-968153-2293144957/tmp.Ge9KkJDDv4/source/hev-socks5-tunnel/third-part/lwip/src/include/lwip/init.h.cmake.in': Permission denied
rm: cannot remove '/tmp/nix-shell-968153-2293144957/tmp.Ge9KkJDDv4/source/hev-socks5-tunnel/third-part/lwip/src/include/lwip/altcp_tls.h': Permission denied
rm: cannot remove '/tmp/nix-shell-968153-2293144957/tmp.Ge9KkJDDv4/source/hev-socks5-tunnel/third-part/lwip/src/include/lwip/opt.h': Permission denied
rm: cannot remove '/tmp/nix-shell-968153-2293144957/tmp.Ge9KkJDDv4/source/hev-socks5-tunnel/third-part/lwip/src/include/lwip/if_api.h': Permission denied
rm: cannot remove '/tmp/nix-shell-968153-2293144957/tmp.Ge9KkJDDv4/source/hev-socks5-tunnel/third-part/lwip/src/include/lwip/mem.h': Permission denied
rm: cannot remove '/tmp/nix-shell-968153-2293144957/tmp.Ge9KkJDDv4/source/hev-socks5-tunnel/third-part/lwip/src/include/lwip/arch.h': Permission denied
rm: cannot remove '/tmp/nix-shell-968153-2293144957/tmp.Ge9KkJDDv4/source/hev-socks5-tunnel/third-part/lwip/src/include/lwip/ip4.h': Permission denied
rm: cannot remove '/tmp/nix-shell-968153-2293144957/tmp.Ge9KkJDDv4/source/hev-socks5-tunnel/third-part/lwip/src/include/lwip/inet.h': Permission denied
rm: cannot remove '/tmp/nix-shell-968153-2293144957/tmp.Ge9KkJDDv4/source/hev-socks5-tunnel/third-part/lwip/src/include/lwip/def.h': Permission denied
rm: cannot remove '/tmp/nix-shell-968153-2293144957/tmp.Ge9KkJDDv4/source/hev-socks5-tunnel/third-part/lwip/src/include/lwip/igmp.h': Permission denied
rm: cannot remove '/tmp/nix-shell-968153-2293144957/tmp.Ge9KkJDDv4/source/hev-socks5-tunnel/third-part/lwip/src/include/lwip/debug.h': Permission denied
rm: cannot remove '/tmp/nix-shell-968153-2293144957/tmp.Ge9KkJDDv4/source/hev-socks5-tunnel/third-part/lwip/src/include/lwip/altcp.h': Permission denied
rm: cannot remove '/tmp/nix-shell-968153-2293144957/tmp.Ge9KkJDDv4/source/hev-socks5-tunnel/third-part/lwip/src/include/lwip/tcpbase.h': Permission denied
rm: cannot remove '/tmp/nix-shell-968153-2293144957/tmp.Ge9KkJDDv4/source/hev-socks5-tunnel/third-part/lwip/src/include/lwip/sio.h': Permission denied
rm: cannot remove '/tmp/nix-shell-968153-2293144957/tmp.Ge9KkJDDv4/source/hev-socks5-tunnel/third-part/lwip/src/include/lwip/raw.h': Permission denied
rm: cannot remove '/tmp/nix-shell-968153-2293144957/tmp.Ge9KkJDDv4/source/hev-socks5-tunnel/third-part/lwip/src/include/lwip/ip6.h': Permission denied
rm: cannot remove '/tmp/nix-shell-968153-2293144957/tmp.Ge9KkJDDv4/source/hev-socks5-tunnel/third-part/lwip/src/include/lwip/err.h': Permission denied
rm: cannot remove '/tmp/nix-shell-968153-2293144957/tmp.Ge9KkJDDv4/source/hev-socks5-tunnel/third-part/lwip/src/include/lwip/sys.h': Permission denied
rm: cannot remove '/tmp/nix-shell-968153-2293144957/tmp.Ge9KkJDDv4/source/hev-socks5-tunnel/third-part/lwip/src/include/lwip/pbuf.h': Permission denied
rm: cannot remove '/tmp/nix-shell-968153-2293144957/tmp.Ge9KkJDDv4/source/hev-socks5-tunnel/third-part/lwip/src/include/lwip/icmp6.h': Permission denied
rm: cannot remove '/tmp/nix-shell-968153-2293144957/tmp.Ge9KkJDDv4/source/hev-socks5-tunnel/third-part/lwip/src/include/lwip/nd6.h': Permission denied
rm: cannot remove '/tmp/nix-shell-968153-2293144957/tmp.Ge9KkJDDv4/source/hev-socks5-tunnel/third-part/lwip/src/include/lwip/autoip.h': Permission denied
rm: cannot remove '/tmp/nix-shell-968153-2293144957/tmp.Ge9KkJDDv4/source/hev-socks5-tunnel/third-part/lwip/src/include/lwip/ip6_zone.h': Permission denied
rm: cannot remove '/tmp/nix-shell-968153-2293144957/tmp.Ge9KkJDDv4/source/hev-socks5-tunnel/third-part/lwip/src/include/lwip/ip.h': Permission denied
rm: cannot remove '/tmp/nix-shell-968153-2293144957/tmp.Ge9KkJDDv4/source/hev-socks5-tunnel/third-part/lwip/src/include/lwip/ethip6.h': Permission denied
rm: cannot remove '/tmp/nix-shell-968153-2293144957/tmp.Ge9KkJDDv4/source/hev-socks5-tunnel/third-part/lwip/src/include/lwip/timeouts.h': Permission denied
rm: cannot remove '/tmp/nix-shell-968153-2293144957/tmp.Ge9KkJDDv4/source/hev-socks5-tunnel/third-part/lwip/src/include/lwip/api.h': Permission denied
rm: cannot remove '/tmp/nix-shell-968153-2293144957/tmp.Ge9KkJDDv4/source/hev-socks5-tunnel/third-part/lwip/src/include/lwip/sockets.h': Permission denied
rm: cannot remove '/tmp/nix-shell-968153-2293144957/tmp.Ge9KkJDDv4/source/hev-socks5-tunnel/third-part/lwip/src/include/compat/stdc/errno.h': Permission denied
rm: cannot remove '/tmp/nix-shell-968153-2293144957/tmp.Ge9KkJDDv4/source/hev-socks5-tunnel/third-part/lwip/src/include/compat/posix/arpa/inet.h': Permission denied
rm: cannot remove '/tmp/nix-shell-968153-2293144957/tmp.Ge9KkJDDv4/source/hev-socks5-tunnel/third-part/lwip/src/include/compat/posix/sys/socket.h': Permission denied
rm: cannot remove '/tmp/nix-shell-968153-2293144957/tmp.Ge9KkJDDv4/source/hev-socks5-tunnel/third-part/lwip/src/include/compat/posix/net/if.h': Permission denied
rm: cannot remove '/tmp/nix-shell-968153-2293144957/tmp.Ge9KkJDDv4/source/hev-socks5-tunnel/third-part/lwip/src/include/compat/posix/netdb.h': Permission denied
rm: cannot remove '/tmp/nix-shell-968153-2293144957/tmp.Ge9KkJDDv4/source/hev-socks5-tunnel/third-part/lwip/src/include/netif/ppp/ccp.h': Permission denied
rm: cannot remove '/tmp/nix-shell-968153-2293144957/tmp.Ge9KkJDDv4/source/hev-socks5-tunnel/third-part/lwip/src/include/netif/ppp/pppol2tp.h': Permission denied
rm: cannot remove '/tmp/nix-shell-968153-2293144957/tmp.Ge9KkJDDv4/source/hev-socks5-tunnel/third-part/lwip/src/include/netif/ppp/pppapi.h': Permission denied
rm: cannot remove '/tmp/nix-shell-968153-2293144957/tmp.Ge9KkJDDv4/source/hev-socks5-tunnel/third-part/lwip/src/include/netif/ppp/ppp.h': Permission denied
rm: cannot remove '/tmp/nix-shell-968153-2293144957/tmp.Ge9KkJDDv4/source/hev-socks5-tunnel/third-part/lwip/src/include/netif/ppp/pppoe.h': Permission denied
rm: cannot remove '/tmp/nix-shell-968153-2293144957/tmp.Ge9KkJDDv4/source/hev-socks5-tunnel/third-part/lwip/src/include/netif/ppp/polarssl/md5.h': Permission denied
rm: cannot remove '/tmp/nix-shell-968153-2293144957/tmp.Ge9KkJDDv4/source/hev-socks5-tunnel/third-part/lwip/src/include/netif/ppp/polarssl/md4.h': Permission denied
rm: cannot remove '/tmp/nix-shell-968153-2293144957/tmp.Ge9KkJDDv4/source/hev-socks5-tunnel/third-part/lwip/src/include/netif/ppp/polarssl/arc4.h': Permission denied
rm: cannot remove '/tmp/nix-shell-968153-2293144957/tmp.Ge9KkJDDv4/source/hev-socks5-tunnel/third-part/lwip/src/include/netif/ppp/polarssl/des.h': Permission denied
rm: cannot remove '/tmp/nix-shell-968153-2293144957/tmp.Ge9KkJDDv4/source/hev-socks5-tunnel/third-part/lwip/src/include/netif/ppp/polarssl/sha1.h': Permission denied
rm: cannot remove '/tmp/nix-shell-968153-2293144957/tmp.Ge9KkJDDv4/source/hev-socks5-tunnel/third-part/lwip/src/include/netif/ppp/chap_ms.h': Permission denied
rm: cannot remove '/tmp/nix-shell-968153-2293144957/tmp.Ge9KkJDDv4/source/hev-socks5-tunnel/third-part/lwip/src/include/netif/ppp/eui64.h': Permission denied
rm: cannot remove '/tmp/nix-shell-968153-2293144957/tmp.Ge9KkJDDv4/source/hev-socks5-tunnel/third-part/lwip/src/include/netif/ppp/ecp.h': Permission denied
rm: cannot remove '/tmp/nix-shell-968153-2293144957/tmp.Ge9KkJDDv4/source/hev-socks5-tunnel/third-part/lwip/src/include/netif/ppp/lcp.h': Permission denied
rm: cannot remove '/tmp/nix-shell-968153-2293144957/tmp.Ge9KkJDDv4/source/hev-socks5-tunnel/third-part/lwip/src/include/netif/ppp/pppdebug.h': Permission denied
rm: cannot remove '/tmp/nix-shell-968153-2293144957/tmp.Ge9KkJDDv4/source/hev-socks5-tunnel/third-part/lwip/src/include/netif/ppp/eap.h': Permission denied
rm: cannot remove '/tmp/nix-shell-968153-2293144957/tmp.Ge9KkJDDv4/source/hev-socks5-tunnel/third-part/lwip/src/include/netif/ppp/ipv6cp.h': Permission denied
rm: cannot remove '/tmp/nix-shell-968153-2293144957/tmp.Ge9KkJDDv4/source/hev-socks5-tunnel/third-part/lwip/src/include/netif/ppp/ppp_opts.h': Permission denied
rm: cannot remove '/tmp/nix-shell-968153-2293144957/tmp.Ge9KkJDDv4/source/hev-socks5-tunnel/third-part/lwip/src/include/netif/ppp/chap-new.h': Permission denied
rm: cannot remove '/tmp/nix-shell-968153-2293144957/tmp.Ge9KkJDDv4/source/hev-socks5-tunnel/third-part/lwip/src/include/netif/ppp/pppos.h': Permission denied
rm: cannot remove '/tmp/nix-shell-968153-2293144957/tmp.Ge9KkJDDv4/source/hev-socks5-tunnel/third-part/lwip/src/include/netif/ppp/chap-md5.h': Permission denied
rm: cannot remove '/tmp/nix-shell-968153-2293144957/tmp.Ge9KkJDDv4/source/hev-socks5-tunnel/third-part/lwip/src/include/netif/ppp/fsm.h': Permission denied
rm: cannot remove '/tmp/nix-shell-968153-2293144957/tmp.Ge9KkJDDv4/source/hev-socks5-tunnel/third-part/lwip/src/include/netif/ppp/pppcrypt.h': Permission denied
rm: cannot remove '/tmp/nix-shell-968153-2293144957/tmp.Ge9KkJDDv4/source/hev-socks5-tunnel/third-part/lwip/src/include/netif/ppp/upap.h': Permission denied
rm: cannot remove '/tmp/nix-shell-968153-2293144957/tmp.Ge9KkJDDv4/source/hev-socks5-tunnel/third-part/lwip/src/include/netif/ppp/ppp_impl.h': Permission denied
rm: cannot remove '/tmp/nix-shell-968153-2293144957/tmp.Ge9KkJDDv4/source/hev-socks5-tunnel/third-part/lwip/src/include/netif/ppp/mppe.h': Permission denied
rm: cannot remove '/tmp/nix-shell-968153-2293144957/tmp.Ge9KkJDDv4/source/hev-socks5-tunnel/third-part/lwip/src/include/netif/ppp/vj.h': Permission denied
rm: cannot remove '/tmp/nix-shell-968153-2293144957/tmp.Ge9KkJDDv4/source/hev-socks5-tunnel/third-part/lwip/src/include/netif/ppp/ipcp.h': Permission denied
rm: cannot remove '/tmp/nix-shell-968153-2293144957/tmp.Ge9KkJDDv4/source/hev-socks5-tunnel/third-part/lwip/src/include/netif/ppp/magic.h': Permission denied
rm: cannot remove '/tmp/nix-shell-968153-2293144957/tmp.Ge9KkJDDv4/source/hev-socks5-tunnel/third-part/lwip/src/include/netif/lowpan6_ble.h': Permission denied
rm: cannot remove '/tmp/nix-shell-968153-2293144957/tmp.Ge9KkJDDv4/source/hev-socks5-tunnel/third-part/lwip/src/include/netif/bridgeif.h': Permission denied
rm: cannot remove '/tmp/nix-shell-968153-2293144957/tmp.Ge9KkJDDv4/source/hev-socks5-tunnel/third-part/lwip/src/include/netif/bridgeif_opts.h': Permission denied
rm: cannot remove '/tmp/nix-shell-968153-2293144957/tmp.Ge9KkJDDv4/source/hev-socks5-tunnel/third-part/lwip/src/include/netif/etharp.h': Permission denied
rm: cannot remove '/tmp/nix-shell-968153-2293144957/tmp.Ge9KkJDDv4/source/hev-socks5-tunnel/third-part/lwip/src/include/netif/lowpan6.h': Permission denied
rm: cannot remove '/tmp/nix-shell-968153-2293144957/tmp.Ge9KkJDDv4/source/hev-socks5-tunnel/third-part/lwip/src/include/netif/ethernet.h': Permission denied
rm: cannot remove '/tmp/nix-shell-968153-2293144957/tmp.Ge9KkJDDv4/source/hev-socks5-tunnel/third-part/lwip/src/include/netif/lowpan6_common.h': Permission denied
rm: cannot remove '/tmp/nix-shell-968153-2293144957/tmp.Ge9KkJDDv4/source/hev-socks5-tunnel/third-part/lwip/src/include/netif/lowpan6_opts.h': Permission denied
rm: cannot remove '/tmp/nix-shell-968153-2293144957/tmp.Ge9KkJDDv4/source/hev-socks5-tunnel/third-part/lwip/src/include/netif/ieee802154.h': Permission denied
rm: cannot remove '/tmp/nix-shell-968153-2293144957/tmp.Ge9KkJDDv4/source/hev-socks5-tunnel/third-part/lwip/src/include/netif/slipif.h': Permission denied
rm: cannot remove '/tmp/nix-shell-968153-2293144957/tmp.Ge9KkJDDv4/source/hev-socks5-tunnel/third-part/lwip/src/include/netif/zepif.h': Permission denied
rm: cannot remove '/tmp/nix-shell-968153-2293144957/tmp.Ge9KkJDDv4/source/hev-socks5-tunnel/third-part/lwip/src/api/netbuf.c': Permission denied
rm: cannot remove '/tmp/nix-shell-968153-2293144957/tmp.Ge9KkJDDv4/source/hev-socks5-tunnel/third-part/lwip/src/api/netifapi.c': Permission denied
rm: cannot remove '/tmp/nix-shell-968153-2293144957/tmp.Ge9KkJDDv4/source/hev-socks5-tunnel/third-part/lwip/src/api/sockets.c': Permission denied
rm: cannot remove '/tmp/nix-shell-968153-2293144957/tmp.Ge9KkJDDv4/source/hev-socks5-tunnel/third-part/lwip/src/api/tcpip.c': Permission denied
rm: cannot remove '/tmp/nix-shell-968153-2293144957/tmp.Ge9KkJDDv4/source/hev-socks5-tunnel/third-part/lwip/src/api/err.c': Permission denied
rm: cannot remove '/tmp/nix-shell-968153-2293144957/tmp.Ge9KkJDDv4/source/hev-socks5-tunnel/third-part/lwip/src/api/api_msg.c': Permission denied
rm: cannot remove '/tmp/nix-shell-968153-2293144957/tmp.Ge9KkJDDv4/source/hev-socks5-tunnel/third-part/lwip/src/api/api_lib.c': Permission denied
rm: cannot remove '/tmp/nix-shell-968153-2293144957/tmp.Ge9KkJDDv4/source/hev-socks5-tunnel/third-part/lwip/src/api/netdb.c': Permission denied
rm: cannot remove '/tmp/nix-shell-968153-2293144957/tmp.Ge9KkJDDv4/source/hev-socks5-tunnel/third-part/lwip/src/api/if_api.c': Permission denied
rm: cannot remove '/tmp/nix-shell-968153-2293144957/tmp.Ge9KkJDDv4/source/hev-socks5-tunnel/third-part/lwip/src/core/altcp.c': Permission denied
rm: cannot remove '/tmp/nix-shell-968153-2293144957/tmp.Ge9KkJDDv4/source/hev-socks5-tunnel/third-part/lwip/src/core/ip.c': Permission denied
rm: cannot remove '/tmp/nix-shell-968153-2293144957/tmp.Ge9KkJDDv4/source/hev-socks5-tunnel/third-part/lwip/src/core/tcp_in.c': Permission denied
rm: cannot remove '/tmp/nix-shell-968153-2293144957/tmp.Ge9KkJDDv4/source/hev-socks5-tunnel/third-part/lwip/src/core/inet_chksum.c': Permission denied
rm: cannot remove '/tmp/nix-shell-968153-2293144957/tmp.Ge9KkJDDv4/source/hev-socks5-tunnel/third-part/lwip/src/core/tcp_out.c': Permission denied
rm: cannot remove '/tmp/nix-shell-968153-2293144957/tmp.Ge9KkJDDv4/source/hev-socks5-tunnel/third-part/lwip/src/core/dns.c': Permission denied
rm: cannot remove '/tmp/nix-shell-968153-2293144957/tmp.Ge9KkJDDv4/source/hev-socks5-tunnel/third-part/lwip/src/core/init.c': Permission denied
rm: cannot remove '/tmp/nix-shell-968153-2293144957/tmp.Ge9KkJDDv4/source/hev-socks5-tunnel/third-part/lwip/src/core/tcp.c': Permission denied
rm: cannot remove '/tmp/nix-shell-968153-2293144957/tmp.Ge9KkJDDv4/source/hev-socks5-tunnel/third-part/lwip/src/core/udp.c': Permission denied
rm: cannot remove '/tmp/nix-shell-968153-2293144957/tmp.Ge9KkJDDv4/source/hev-socks5-tunnel/third-part/lwip/src/core/memp.c': Permission denied
rm: cannot remove '/tmp/nix-shell-968153-2293144957/tmp.Ge9KkJDDv4/source/hev-socks5-tunnel/third-part/lwip/src/core/ipv6/dhcp6.c': Permission denied
rm: cannot remove '/tmp/nix-shell-968153-2293144957/tmp.Ge9KkJDDv4/source/hev-socks5-tunnel/third-part/lwip/src/core/ipv6/ip6_addr.c': Permission denied
rm: cannot remove '/tmp/nix-shell-968153-2293144957/tmp.Ge9KkJDDv4/source/hev-socks5-tunnel/third-part/lwip/src/core/ipv6/ip6_frag.c': Permission denied
rm: cannot remove '/tmp/nix-shell-968153-2293144957/tmp.Ge9KkJDDv4/source/hev-socks5-tunnel/third-part/lwip/src/core/ipv6/ethip6.c': Permission denied
rm: cannot remove '/tmp/nix-shell-968153-2293144957/tmp.Ge9KkJDDv4/source/hev-socks5-tunnel/third-part/lwip/src/core/ipv6/icmp6.c': Permission denied
rm: cannot remove '/tmp/nix-shell-968153-2293144957/tmp.Ge9KkJDDv4/source/hev-socks5-tunnel/third-part/lwip/src/core/ipv6/inet6.c': Permission denied
rm: cannot remove '/tmp/nix-shell-968153-2293144957/tmp.Ge9KkJDDv4/source/hev-socks5-tunnel/third-part/lwip/src/core/ipv6/ip6.c': Permission denied
rm: cannot remove '/tmp/nix-shell-968153-2293144957/tmp.Ge9KkJDDv4/source/hev-socks5-tunnel/third-part/lwip/src/core/ipv6/mld6.c': Permission denied
rm: cannot remove '/tmp/nix-shell-968153-2293144957/tmp.Ge9KkJDDv4/source/hev-socks5-tunnel/third-part/lwip/src/core/ipv6/nd6.c': Permission denied
rm: cannot remove '/tmp/nix-shell-968153-2293144957/tmp.Ge9KkJDDv4/source/hev-socks5-tunnel/third-part/lwip/src/core/sys.c': Permission denied
rm: cannot remove '/tmp/nix-shell-968153-2293144957/tmp.Ge9KkJDDv4/source/hev-socks5-tunnel/third-part/lwip/src/core/ipv4/ip4.c': Permission denied
rm: cannot remove '/tmp/nix-shell-968153-2293144957/tmp.Ge9KkJDDv4/source/hev-socks5-tunnel/third-part/lwip/src/core/ipv4/dhcp.c': Permission denied
rm: cannot remove '/tmp/nix-shell-968153-2293144957/tmp.Ge9KkJDDv4/source/hev-socks5-tunnel/third-part/lwip/src/core/ipv4/icmp.c': Permission denied
rm: cannot remove '/tmp/nix-shell-968153-2293144957/tmp.Ge9KkJDDv4/source/hev-socks5-tunnel/third-part/lwip/src/core/ipv4/autoip.c': Permission denied
rm: cannot remove '/tmp/nix-shell-968153-2293144957/tmp.Ge9KkJDDv4/source/hev-socks5-tunnel/third-part/lwip/src/core/ipv4/igmp.c': Permission denied
rm: cannot remove '/tmp/nix-shell-968153-2293144957/tmp.Ge9KkJDDv4/source/hev-socks5-tunnel/third-part/lwip/src/core/ipv4/acd.c': Permission denied
rm: cannot remove '/tmp/nix-shell-968153-2293144957/tmp.Ge9KkJDDv4/source/hev-socks5-tunnel/third-part/lwip/src/core/ipv4/ip4_frag.c': Permission denied
rm: cannot remove '/tmp/nix-shell-968153-2293144957/tmp.Ge9KkJDDv4/source/hev-socks5-tunnel/third-part/lwip/src/core/ipv4/etharp.c': Permission denied
rm: cannot remove '/tmp/nix-shell-968153-2293144957/tmp.Ge9KkJDDv4/source/hev-socks5-tunnel/third-part/lwip/src/core/ipv4/ip4_addr.c': Permission denied
rm: cannot remove '/tmp/nix-shell-968153-2293144957/tmp.Ge9KkJDDv4/source/hev-socks5-tunnel/third-part/lwip/src/core/raw.c': Permission denied
rm: cannot remove '/tmp/nix-shell-968153-2293144957/tmp.Ge9KkJDDv4/source/hev-socks5-tunnel/third-part/lwip/src/core/pbuf.c': Permission denied
rm: cannot remove '/tmp/nix-shell-968153-2293144957/tmp.Ge9KkJDDv4/source/hev-socks5-tunnel/third-part/lwip/src/core/netif.c': Permission denied
rm: cannot remove '/tmp/nix-shell-968153-2293144957/tmp.Ge9KkJDDv4/source/hev-socks5-tunnel/third-part/lwip/src/core/altcp_alloc.c': Permission denied
rm: cannot remove '/tmp/nix-shell-968153-2293144957/tmp.Ge9KkJDDv4/source/hev-socks5-tunnel/third-part/lwip/src/core/mem.c': Permission denied
rm: cannot remove '/tmp/nix-shell-968153-2293144957/tmp.Ge9KkJDDv4/source/hev-socks5-tunnel/third-part/lwip/src/core/altcp_tcp.c': Permission denied
rm: cannot remove '/tmp/nix-shell-968153-2293144957/tmp.Ge9KkJDDv4/source/hev-socks5-tunnel/third-part/lwip/src/core/timeouts.c': Permission denied
rm: cannot remove '/tmp/nix-shell-968153-2293144957/tmp.Ge9KkJDDv4/source/hev-socks5-tunnel/third-part/lwip/src/core/def.c': Permission denied
rm: cannot remove '/tmp/nix-shell-968153-2293144957/tmp.Ge9KkJDDv4/source/hev-socks5-tunnel/third-part/lwip/src/core/stats.c': Permission denied
rm: cannot remove '/tmp/nix-shell-968153-2293144957/tmp.Ge9KkJDDv4/source/hev-socks5-tunnel/third-part/lwip/src/netif/lowpan6.c': Permission denied
rm: cannot remove '/tmp/nix-shell-968153-2293144957/tmp.Ge9KkJDDv4/source/hev-socks5-tunnel/third-part/lwip/src/netif/lowpan6_common.c': Permission denied
rm: cannot remove '/tmp/nix-shell-968153-2293144957/tmp.Ge9KkJDDv4/source/hev-socks5-tunnel/third-part/lwip/src/netif/lowpan6_ble.c': Permission denied
rm: cannot remove '/tmp/nix-shell-968153-2293144957/tmp.Ge9KkJDDv4/source/hev-socks5-tunnel/third-part/lwip/src/netif/bridgeif_fdb.c': Permission denied
rm: cannot remove '/tmp/nix-shell-968153-2293144957/tmp.Ge9KkJDDv4/source/hev-socks5-tunnel/third-part/lwip/src/netif/ethernet.c': Permission denied
rm: cannot remove '/tmp/nix-shell-968153-2293144957/tmp.Ge9KkJDDv4/source/hev-socks5-tunnel/third-part/lwip/src/netif/bridgeif.c': Permission denied
rm: cannot remove '/tmp/nix-shell-968153-2293144957/tmp.Ge9KkJDDv4/source/hev-socks5-tunnel/third-part/lwip/src/netif/zepif.c': Permission denied
rm: cannot remove '/tmp/nix-shell-968153-2293144957/tmp.Ge9KkJDDv4/source/hev-socks5-tunnel/third-part/lwip/src/netif/slipif.c': Permission denied
rm: cannot remove '/tmp/nix-shell-968153-2293144957/tmp.Ge9KkJDDv4/source/hev-socks5-tunnel/third-part/lwip/src/netif/ppp/demand.c': Permission denied
rm: cannot remove '/tmp/nix-shell-968153-2293144957/tmp.Ge9KkJDDv4/source/hev-socks5-tunnel/third-part/lwip/src/netif/ppp/auth.c': Permission denied
rm: cannot remove '/tmp/nix-shell-968153-2293144957/tmp.Ge9KkJDDv4/source/hev-socks5-tunnel/third-part/lwip/src/netif/ppp/multilink.c': Permission denied
rm: cannot remove '/tmp/nix-shell-968153-2293144957/tmp.Ge9KkJDDv4/source/hev-socks5-tunnel/third-part/lwip/src/netif/ppp/polarssl/des.c': Permission denied
rm: cannot remove '/tmp/nix-shell-968153-2293144957/tmp.Ge9KkJDDv4/source/hev-socks5-tunnel/third-part/lwip/src/netif/ppp/polarssl/arc4.c': Permission denied
rm: cannot remove '/tmp/nix-shell-968153-2293144957/tmp.Ge9KkJDDv4/source/hev-socks5-tunnel/third-part/lwip/src/netif/ppp/polarssl/sha1.c': Permission denied
rm: cannot remove '/tmp/nix-shell-968153-2293144957/tmp.Ge9KkJDDv4/source/hev-socks5-tunnel/third-part/lwip/src/netif/ppp/polarssl/md5.c': Permission denied
rm: cannot remove '/tmp/nix-shell-968153-2293144957/tmp.Ge9KkJDDv4/source/hev-socks5-tunnel/third-part/lwip/src/netif/ppp/polarssl/md4.c': Permission denied
rm: cannot remove '/tmp/nix-shell-968153-2293144957/tmp.Ge9KkJDDv4/source/hev-socks5-tunnel/third-part/lwip/src/netif/ppp/chap-md5.c': Permission denied
rm: cannot remove '/tmp/nix-shell-968153-2293144957/tmp.Ge9KkJDDv4/source/hev-socks5-tunnel/third-part/lwip/src/netif/ppp/pppcrypt.c': Permission denied
rm: cannot remove '/tmp/nix-shell-968153-2293144957/tmp.Ge9KkJDDv4/source/hev-socks5-tunnel/third-part/lwip/src/netif/ppp/ipcp.c': Permission denied
rm: cannot remove '/tmp/nix-shell-968153-2293144957/tmp.Ge9KkJDDv4/source/hev-socks5-tunnel/third-part/lwip/src/netif/ppp/fsm.c': Permission denied
rm: cannot remove '/tmp/nix-shell-968153-2293144957/tmp.Ge9KkJDDv4/source/hev-socks5-tunnel/third-part/lwip/src/netif/ppp/mppe.c': Permission denied
rm: cannot remove '/tmp/nix-shell-968153-2293144957/tmp.Ge9KkJDDv4/source/hev-socks5-tunnel/third-part/lwip/src/netif/ppp/magic.c': Permission denied
rm: cannot remove '/tmp/nix-shell-968153-2293144957/tmp.Ge9KkJDDv4/source/hev-socks5-tunnel/third-part/lwip/src/netif/ppp/vj.c': Permission denied
rm: cannot remove '/tmp/nix-shell-968153-2293144957/tmp.Ge9KkJDDv4/source/hev-socks5-tunnel/third-part/lwip/src/netif/ppp/upap.c': Permission denied
rm: cannot remove '/tmp/nix-shell-968153-2293144957/tmp.Ge9KkJDDv4/source/hev-socks5-tunnel/third-part/lwip/src/netif/ppp/chap_ms.c': Permission denied
rm: cannot remove '/tmp/nix-shell-968153-2293144957/tmp.Ge9KkJDDv4/source/hev-socks5-tunnel/third-part/lwip/src/netif/ppp/ppp.c': Permission denied
rm: cannot remove '/tmp/nix-shell-968153-2293144957/tmp.Ge9KkJDDv4/source/hev-socks5-tunnel/third-part/lwip/src/netif/ppp/pppapi.c': Permission denied
rm: cannot remove '/tmp/nix-shell-968153-2293144957/tmp.Ge9KkJDDv4/source/hev-socks5-tunnel/third-part/lwip/src/netif/ppp/pppol2tp.c': Permission denied
rm: cannot remove '/tmp/nix-shell-968153-2293144957/tmp.Ge9KkJDDv4/source/hev-socks5-tunnel/third-part/lwip/src/netif/ppp/ccp.c': Permission denied
rm: cannot remove '/tmp/nix-shell-968153-2293144957/tmp.Ge9KkJDDv4/source/hev-socks5-tunnel/third-part/lwip/src/netif/ppp/pppoe.c': Permission denied
rm: cannot remove '/tmp/nix-shell-968153-2293144957/tmp.Ge9KkJDDv4/source/hev-socks5-tunnel/third-part/lwip/src/netif/ppp/eap.c': Permission denied
rm: cannot remove '/tmp/nix-shell-968153-2293144957/tmp.Ge9KkJDDv4/source/hev-socks5-tunnel/third-part/lwip/src/netif/ppp/utils.c': Permission denied
rm: cannot remove '/tmp/nix-shell-968153-2293144957/tmp.Ge9KkJDDv4/source/hev-socks5-tunnel/third-part/lwip/src/netif/ppp/chap-new.c': Permission denied
rm: cannot remove '/tmp/nix-shell-968153-2293144957/tmp.Ge9KkJDDv4/source/hev-socks5-tunnel/third-part/lwip/src/netif/ppp/eui64.c': Permission denied
rm: cannot remove '/tmp/nix-shell-968153-2293144957/tmp.Ge9KkJDDv4/source/hev-socks5-tunnel/third-part/lwip/src/netif/ppp/lcp.c': Permission denied
rm: cannot remove '/tmp/nix-shell-968153-2293144957/tmp.Ge9KkJDDv4/source/hev-socks5-tunnel/third-part/lwip/src/netif/ppp/ipv6cp.c': Permission denied
rm: cannot remove '/tmp/nix-shell-968153-2293144957/tmp.Ge9KkJDDv4/source/hev-socks5-tunnel/third-part/lwip/src/netif/ppp/ecp.c': Permission denied
rm: cannot remove '/tmp/nix-shell-968153-2293144957/tmp.Ge9KkJDDv4/source/hev-socks5-tunnel/third-part/lwip/src/netif/ppp/pppos.c': Permission denied
rm: cannot remove '/tmp/nix-shell-968153-2293144957/tmp.Ge9KkJDDv4/source/hev-socks5-tunnel/third-part/lwip/.gitignore': Permission denied
rm: cannot remove '/tmp/nix-shell-968153-2293144957/tmp.Ge9KkJDDv4/source/hev-socks5-tunnel/third-part/lwip/README.md': Permission denied
rm: cannot remove '/tmp/nix-shell-968153-2293144957/tmp.Ge9KkJDDv4/source/hev-socks5-tunnel/third-part/lwip/LICENSE': Permission denied
rm: cannot remove '/tmp/nix-shell-968153-2293144957/tmp.Ge9KkJDDv4/source/hev-socks5-tunnel/third-part/lwip/Application.mk': Permission denied
rm: cannot remove '/tmp/nix-shell-968153-2293144957/tmp.Ge9KkJDDv4/source/hev-socks5-tunnel/third-part/lwip/Android.mk': Permission denied
rm: cannot remove '/tmp/nix-shell-968153-2293144957/tmp.Ge9KkJDDv4/source/hev-socks5-tunnel/third-part/lwip/build.mk': Permission denied
rm: cannot remove '/tmp/nix-shell-968153-2293144957/tmp.Ge9KkJDDv4/source/hev-socks5-tunnel/third-part/yaml/Application.mk': Permission denied
rm: cannot remove '/tmp/nix-shell-968153-2293144957/tmp.Ge9KkJDDv4/source/hev-socks5-tunnel/third-part/yaml/.gitignore': Permission denied
rm: cannot remove '/tmp/nix-shell-968153-2293144957/tmp.Ge9KkJDDv4/source/hev-socks5-tunnel/third-part/yaml/License': Permission denied
rm: cannot remove '/tmp/nix-shell-968153-2293144957/tmp.Ge9KkJDDv4/source/hev-socks5-tunnel/third-part/yaml/.gitlab-ci.yml': Permission denied
rm: cannot remove '/tmp/nix-shell-968153-2293144957/tmp.Ge9KkJDDv4/source/hev-socks5-tunnel/third-part/yaml/README.md': Permission denied
rm: cannot remove '/tmp/nix-shell-968153-2293144957/tmp.Ge9KkJDDv4/source/hev-socks5-tunnel/third-part/yaml/build.mk': Permission denied
rm: cannot remove '/tmp/nix-shell-968153-2293144957/tmp.Ge9KkJDDv4/source/hev-socks5-tunnel/third-part/yaml/Makefile': Permission denied
rm: cannot remove '/tmp/nix-shell-968153-2293144957/tmp.Ge9KkJDDv4/source/hev-socks5-tunnel/third-part/yaml/include/yaml.h': Permission denied
rm: cannot remove '/tmp/nix-shell-968153-2293144957/tmp.Ge9KkJDDv4/source/hev-socks5-tunnel/third-part/yaml/src/yaml.h': Permission denied
rm: cannot remove '/tmp/nix-shell-968153-2293144957/tmp.Ge9KkJDDv4/source/hev-socks5-tunnel/third-part/yaml/src/yaml_private.h': Permission denied
rm: cannot remove '/tmp/nix-shell-968153-2293144957/tmp.Ge9KkJDDv4/source/hev-socks5-tunnel/third-part/yaml/src/writer.c': Permission denied
rm: cannot remove '/tmp/nix-shell-968153-2293144957/tmp.Ge9KkJDDv4/source/hev-socks5-tunnel/third-part/yaml/src/api.c': Permission denied
rm: cannot remove '/tmp/nix-shell-968153-2293144957/tmp.Ge9KkJDDv4/source/hev-socks5-tunnel/third-part/yaml/src/reader.c': Permission denied
rm: cannot remove '/tmp/nix-shell-968153-2293144957/tmp.Ge9KkJDDv4/source/hev-socks5-tunnel/third-part/yaml/src/dumper.c': Permission denied
rm: cannot remove '/tmp/nix-shell-968153-2293144957/tmp.Ge9KkJDDv4/source/hev-socks5-tunnel/third-part/yaml/src/parser.c': Permission denied
rm: cannot remove '/tmp/nix-shell-968153-2293144957/tmp.Ge9KkJDDv4/source/hev-socks5-tunnel/third-part/yaml/src/scanner.c': Permission denied
rm: cannot remove '/tmp/nix-shell-968153-2293144957/tmp.Ge9KkJDDv4/source/hev-socks5-tunnel/third-part/yaml/src/loader.c': Permission denied
rm: cannot remove '/tmp/nix-shell-968153-2293144957/tmp.Ge9KkJDDv4/source/hev-socks5-tunnel/third-part/yaml/src/emitter.c': Permission denied
rm: cannot remove '/tmp/nix-shell-968153-2293144957/tmp.Ge9KkJDDv4/source/hev-socks5-tunnel/third-part/yaml/configs.mk': Permission denied
rm: cannot remove '/tmp/nix-shell-968153-2293144957/tmp.Ge9KkJDDv4/source/hev-socks5-tunnel/third-part/yaml/Android.mk': Permission denied
rm: cannot remove '/tmp/nix-shell-968153-2293144957/tmp.Ge9KkJDDv4/source/hev-socks5-tunnel/third-part/hev-task-system/.clang-format': Permission denied
rm: cannot remove '/tmp/nix-shell-968153-2293144957/tmp.Ge9KkJDDv4/source/hev-socks5-tunnel/third-part/hev-task-system/Android.mk': Permission denied
rm: cannot remove '/tmp/nix-shell-968153-2293144957/tmp.Ge9KkJDDv4/source/hev-socks5-tunnel/third-part/hev-task-system/Application.mk': Permission denied
rm: cannot remove '/tmp/nix-shell-968153-2293144957/tmp.Ge9KkJDDv4/source/hev-socks5-tunnel/third-part/hev-task-system/configs.mk': Permission denied
rm: cannot remove '/tmp/nix-shell-968153-2293144957/tmp.Ge9KkJDDv4/source/hev-socks5-tunnel/third-part/hev-task-system/README.md': Permission denied
rm: cannot remove '/tmp/nix-shell-968153-2293144957/tmp.Ge9KkJDDv4/source/hev-socks5-tunnel/third-part/hev-task-system/build.mk': Permission denied
rm: cannot remove '/tmp/nix-shell-968153-2293144957/tmp.Ge9KkJDDv4/source/hev-socks5-tunnel/third-part/hev-task-system/tests/io-yielder.c': Permission denied
rm: cannot remove '/tmp/nix-shell-968153-2293144957/tmp.Ge9KkJDDv4/source/hev-socks5-tunnel/third-part/hev-task-system/tests/task-yield.c': Permission denied
rm: cannot remove '/tmp/nix-shell-968153-2293144957/tmp.Ge9KkJDDv4/source/hev-socks5-tunnel/third-part/hev-task-system/tests/task-call.c': Permission denied
rm: cannot remove '/tmp/nix-shell-968153-2293144957/tmp.Ge9KkJDDv4/source/hev-socks5-tunnel/third-part/hev-task-system/tests/io-creat.c': Permission denied
rm: cannot remove '/tmp/nix-shell-968153-2293144957/tmp.Ge9KkJDDv4/source/hev-socks5-tunnel/third-part/hev-task-system/tests/system.c': Permission denied
rm: cannot remove '/tmp/nix-shell-968153-2293144957/tmp.Ge9KkJDDv4/source/hev-socks5-tunnel/third-part/hev-task-system/tests/task-wakeup.c': Permission denied
rm: cannot remove '/tmp/nix-shell-968153-2293144957/tmp.Ge9KkJDDv4/source/hev-socks5-tunnel/third-part/hev-task-system/tests/task-mutex.c': Permission denied
rm: cannot remove '/tmp/nix-shell-968153-2293144957/tmp.Ge9KkJDDv4/source/hev-socks5-tunnel/third-part/hev-task-system/tests/io-read.c': Permission denied
rm: cannot remove '/tmp/nix-shell-968153-2293144957/tmp.Ge9KkJDDv4/source/hev-socks5-tunnel/third-part/hev-task-system/tests/io-splice.c': Permission denied
rm: cannot remove '/tmp/nix-shell-968153-2293144957/tmp.Ge9KkJDDv4/source/hev-socks5-tunnel/third-part/hev-task-system/tests/io-pipe.c': Permission denied
rm: cannot remove '/tmp/nix-shell-968153-2293144957/tmp.Ge9KkJDDv4/source/hev-socks5-tunnel/third-part/hev-task-system/tests/io-socketpair.c': Permission denied
rm: cannot remove '/tmp/nix-shell-968153-2293144957/tmp.Ge9KkJDDv4/source/hev-socks5-tunnel/third-part/hev-task-system/tests/io-socket.c': Permission denied
rm: cannot remove '/tmp/nix-shell-968153-2293144957/tmp.Ge9KkJDDv4/source/hev-socks5-tunnel/third-part/hev-task-system/tests/task-cond.c': Permission denied
rm: cannot remove '/tmp/nix-shell-968153-2293144957/tmp.Ge9KkJDDv4/source/hev-socks5-tunnel/third-part/hev-task-system/tests/task-join.c': Permission denied
rm: cannot remove '/tmp/nix-shell-968153-2293144957/tmp.Ge9KkJDDv4/source/hev-socks5-tunnel/third-part/hev-task-system/tests/task-priority.c': Permission denied
rm: cannot remove '/tmp/nix-shell-968153-2293144957/tmp.Ge9KkJDDv4/source/hev-socks5-tunnel/third-part/hev-task-system/tests/io-open.c': Permission denied
rm: cannot remove '/tmp/nix-shell-968153-2293144957/tmp.Ge9KkJDDv4/source/hev-socks5-tunnel/third-part/hev-task-system/tests/memory.c': Permission denied
rm: cannot remove '/tmp/nix-shell-968153-2293144957/tmp.Ge9KkJDDv4/source/hev-socks5-tunnel/third-part/hev-task-system/tests/io-write.c': Permission denied
rm: cannot remove '/tmp/nix-shell-968153-2293144957/tmp.Ge9KkJDDv4/source/hev-socks5-tunnel/third-part/hev-task-system/tests/io-circular-buffer.c': Permission denied
rm: cannot remove '/tmp/nix-shell-968153-2293144957/tmp.Ge9KkJDDv4/source/hev-socks5-tunnel/third-part/hev-task-system/tests/task-sleep.c': Permission denied
rm: cannot remove '/tmp/nix-shell-968153-2293144957/tmp.Ge9KkJDDv4/source/hev-socks5-tunnel/third-part/hev-task-system/tests/task-channel-select.c': Permission denied
rm: cannot remove '/tmp/nix-shell-968153-2293144957/tmp.Ge9KkJDDv4/source/hev-socks5-tunnel/third-part/hev-task-system/tests/task-ref.c': Permission denied
rm: cannot remove '/tmp/nix-shell-968153-2293144957/tmp.Ge9KkJDDv4/source/hev-socks5-tunnel/third-part/hev-task-system/tests/task-data.c': Permission denied
rm: cannot remove '/tmp/nix-shell-968153-2293144957/tmp.Ge9KkJDDv4/source/hev-socks5-tunnel/third-part/hev-task-system/tests/task-state.c': Permission denied
rm: cannot remove '/tmp/nix-shell-968153-2293144957/tmp.Ge9KkJDDv4/source/hev-socks5-tunnel/third-part/hev-task-system/tests/task-fd.c': Permission denied
rm: cannot remove '/tmp/nix-shell-968153-2293144957/tmp.Ge9KkJDDv4/source/hev-socks5-tunnel/third-part/hev-task-system/tests/io-readv.c': Permission denied
rm: cannot remove '/tmp/nix-shell-968153-2293144957/tmp.Ge9KkJDDv4/source/hev-socks5-tunnel/third-part/hev-task-system/tests/task-dns.c': Permission denied
rm: cannot remove '/tmp/nix-shell-968153-2293144957/tmp.Ge9KkJDDv4/source/hev-socks5-tunnel/third-part/hev-task-system/tests/task-self.c': Permission denied
rm: cannot remove '/tmp/nix-shell-968153-2293144957/tmp.Ge9KkJDDv4/source/hev-socks5-tunnel/third-part/hev-task-system/tests/task-exit.c': Permission denied
rm: cannot remove '/tmp/nix-shell-968153-2293144957/tmp.Ge9KkJDDv4/source/hev-socks5-tunnel/third-part/hev-task-system/tests/task.c': Permission denied
rm: cannot remove '/tmp/nix-shell-968153-2293144957/tmp.Ge9KkJDDv4/source/hev-socks5-tunnel/third-part/hev-task-system/tests/io-openat.c': Permission denied
rm: cannot remove '/tmp/nix-shell-968153-2293144957/tmp.Ge9KkJDDv4/source/hev-socks5-tunnel/third-part/hev-task-system/tests/io-writev.c': Permission denied
rm: cannot remove '/tmp/nix-shell-968153-2293144957/tmp.Ge9KkJDDv4/source/hev-socks5-tunnel/third-part/hev-task-system/tests/io-poll.c': Permission denied
rm: cannot remove '/tmp/nix-shell-968153-2293144957/tmp.Ge9KkJDDv4/source/hev-socks5-tunnel/third-part/hev-task-system/tests/task-channel.c': Permission denied
rm: cannot remove '/tmp/nix-shell-968153-2293144957/tmp.Ge9KkJDDv4/source/hev-socks5-tunnel/third-part/hev-task-system/.github/workflows/code-format.yaml': Permission denied
rm: cannot remove '/tmp/nix-shell-968153-2293144957/tmp.Ge9KkJDDv4/source/hev-socks5-tunnel/third-part/hev-task-system/.github/workflows/build.yaml': Permission denied
rm: cannot remove '/tmp/nix-shell-968153-2293144957/tmp.Ge9KkJDDv4/source/hev-socks5-tunnel/third-part/hev-task-system/include/hev-object-atomic.h': Permission denied
rm: cannot remove '/tmp/nix-shell-968153-2293144957/tmp.Ge9KkJDDv4/source/hev-socks5-tunnel/third-part/hev-task-system/include/hev-task-cond.h': Permission denied
rm: cannot remove '/tmp/nix-shell-968153-2293144957/tmp.Ge9KkJDDv4/source/hev-socks5-tunnel/third-part/hev-task-system/include/hev-task-io-poll.h': Permission denied
rm: cannot remove '/tmp/nix-shell-968153-2293144957/tmp.Ge9KkJDDv4/source/hev-socks5-tunnel/third-part/hev-task-system/include/hev-task-dns.h': Permission denied
rm: cannot remove '/tmp/nix-shell-968153-2293144957/tmp.Ge9KkJDDv4/source/hev-socks5-tunnel/third-part/hev-task-system/include/hev-circular-buffer.h': Permission denied
rm: cannot remove '/tmp/nix-shell-968153-2293144957/tmp.Ge9KkJDDv4/source/hev-socks5-tunnel/third-part/hev-task-system/include/hev-task-mutex.h': Permission denied
rm: cannot remove '/tmp/nix-shell-968153-2293144957/tmp.Ge9KkJDDv4/source/hev-socks5-tunnel/third-part/hev-task-system/include/hev-task-call.h': Permission denied
rm: cannot remove '/tmp/nix-shell-968153-2293144957/tmp.Ge9KkJDDv4/source/hev-socks5-tunnel/third-part/hev-task-system/include/hev-task.h': Permission denied
rm: cannot remove '/tmp/nix-shell-968153-2293144957/tmp.Ge9KkJDDv4/source/hev-socks5-tunnel/third-part/hev-task-system/include/hev-object.h': Permission denied
rm: cannot remove '/tmp/nix-shell-968153-2293144957/tmp.Ge9KkJDDv4/source/hev-socks5-tunnel/third-part/hev-task-system/include/hev-task-io.h': Permission denied
rm: cannot remove '/tmp/nix-shell-968153-2293144957/tmp.Ge9KkJDDv4/source/hev-socks5-tunnel/third-part/hev-task-system/include/hev-task-io-pipe.h': Permission denied
rm: cannot remove '/tmp/nix-shell-968153-2293144957/tmp.Ge9KkJDDv4/source/hev-socks5-tunnel/third-part/hev-task-system/include/hev-memory-allocator.h': Permission denied
rm: cannot remove '/tmp/nix-shell-968153-2293144957/tmp.Ge9KkJDDv4/source/hev-socks5-tunnel/third-part/hev-task-system/include/hev-task-system.h': Permission denied
rm: cannot remove '/tmp/nix-shell-968153-2293144957/tmp.Ge9KkJDDv4/source/hev-socks5-tunnel/third-part/hev-task-system/include/hev-task-channel-select.h': Permission denied
rm: cannot remove '/tmp/nix-shell-968153-2293144957/tmp.Ge9KkJDDv4/source/hev-socks5-tunnel/third-part/hev-task-system/include/hev-task-channel.h': Permission denied
rm: cannot remove '/tmp/nix-shell-968153-2293144957/tmp.Ge9KkJDDv4/source/hev-socks5-tunnel/third-part/hev-task-system/include/hev-task-io-socket.h': Permission denied
rm: cannot remove '/tmp/nix-shell-968153-2293144957/tmp.Ge9KkJDDv4/source/hev-socks5-tunnel/third-part/hev-task-system/module.modulemap': Permission denied
rm: cannot remove '/tmp/nix-shell-968153-2293144957/tmp.Ge9KkJDDv4/source/hev-socks5-tunnel/third-part/hev-task-system/apps/echo-server.c': Permission denied
rm: cannot remove '/tmp/nix-shell-968153-2293144957/tmp.Ge9KkJDDv4/source/hev-socks5-tunnel/third-part/hev-task-system/apps/wakeup.c': Permission denied
rm: cannot remove '/tmp/nix-shell-968153-2293144957/tmp.Ge9KkJDDv4/source/hev-socks5-tunnel/third-part/hev-task-system/apps/gtk.c': Permission denied
rm: cannot remove '/tmp/nix-shell-968153-2293144957/tmp.Ge9KkJDDv4/source/hev-socks5-tunnel/third-part/hev-task-system/apps/curl.c': Permission denied
rm: cannot remove '/tmp/nix-shell-968153-2293144957/tmp.Ge9KkJDDv4/source/hev-socks5-tunnel/third-part/hev-task-system/apps/simple.c': Permission denied
rm: cannot remove '/tmp/nix-shell-968153-2293144957/tmp.Ge9KkJDDv4/source/hev-socks5-tunnel/third-part/hev-task-system/apps/channel.c': Permission denied
rm: cannot remove '/tmp/nix-shell-968153-2293144957/tmp.Ge9KkJDDv4/source/hev-socks5-tunnel/third-part/hev-task-system/apps/call.c': Permission denied
rm: cannot remove '/tmp/nix-shell-968153-2293144957/tmp.Ge9KkJDDv4/source/hev-socks5-tunnel/third-part/hev-task-system/apps/timeout.c': Permission denied
rm: cannot remove '/tmp/nix-shell-968153-2293144957/tmp.Ge9KkJDDv4/source/hev-socks5-tunnel/third-part/hev-task-system/Makefile': Permission denied
rm: cannot remove '/tmp/nix-shell-968153-2293144957/tmp.Ge9KkJDDv4/source/hev-socks5-tunnel/third-part/hev-task-system/LICENSE': Permission denied
rm: cannot remove '/tmp/nix-shell-968153-2293144957/tmp.Ge9KkJDDv4/source/hev-socks5-tunnel/third-part/hev-task-system/build-apple.sh': Permission denied
rm: cannot remove '/tmp/nix-shell-968153-2293144957/tmp.Ge9KkJDDv4/source/hev-socks5-tunnel/third-part/hev-task-system/src/kern/core/hev-task-system-schedule.c': Permission denied
rm: cannot remove '/tmp/nix-shell-968153-2293144957/tmp.Ge9KkJDDv4/source/hev-socks5-tunnel/third-part/hev-task-system/src/kern/core/hev-task-system-private.h': Permission denied
rm: cannot remove '/tmp/nix-shell-968153-2293144957/tmp.Ge9KkJDDv4/source/hev-socks5-tunnel/third-part/hev-task-system/src/kern/core/hev-task-system.c': Permission denied
rm: cannot remove '/tmp/nix-shell-968153-2293144957/tmp.Ge9KkJDDv4/source/hev-socks5-tunnel/third-part/hev-task-system/src/kern/core/hev-task-system.h': Permission denied
rm: cannot remove '/tmp/nix-shell-968153-2293144957/tmp.Ge9KkJDDv4/source/hev-socks5-tunnel/third-part/hev-task-system/src/kern/itc/hev-task-channel-private.h': Permission denied
rm: cannot remove '/tmp/nix-shell-968153-2293144957/tmp.Ge9KkJDDv4/source/hev-socks5-tunnel/third-part/hev-task-system/src/kern/itc/hev-task-channel.h': Permission denied
rm: cannot remove '/tmp/nix-shell-968153-2293144957/tmp.Ge9KkJDDv4/source/hev-socks5-tunnel/third-part/hev-task-system/src/kern/itc/hev-task-channel-select.c': Permission denied
rm: cannot remove '/tmp/nix-shell-968153-2293144957/tmp.Ge9KkJDDv4/source/hev-socks5-tunnel/third-part/hev-task-system/src/kern/itc/hev-task-channel-select-private.h': Permission denied
rm: cannot remove '/tmp/nix-shell-968153-2293144957/tmp.Ge9KkJDDv4/source/hev-socks5-tunnel/third-part/hev-task-system/src/kern/itc/hev-task-channel-select.h': Permission denied
rm: cannot remove '/tmp/nix-shell-968153-2293144957/tmp.Ge9KkJDDv4/source/hev-socks5-tunnel/third-part/hev-task-system/src/kern/itc/hev-task-channel.c': Permission denied
rm: cannot remove '/tmp/nix-shell-968153-2293144957/tmp.Ge9KkJDDv4/source/hev-socks5-tunnel/third-part/hev-task-system/src/kern/io/hev-task-io-reactor-iocp.h': Permission denied
rm: cannot remove '/tmp/nix-shell-968153-2293144957/tmp.Ge9KkJDDv4/source/hev-socks5-tunnel/third-part/hev-task-system/src/kern/io/hev-task-io-reactor-kqueue.c': Permission denied
rm: cannot remove '/tmp/nix-shell-968153-2293144957/tmp.Ge9KkJDDv4/source/hev-socks5-tunnel/third-part/hev-task-system/src/kern/io/hev-task-io-reactor-epoll.h': Permission denied
rm: cannot remove '/tmp/nix-shell-968153-2293144957/tmp.Ge9KkJDDv4/source/hev-socks5-tunnel/third-part/hev-task-system/src/kern/io/hev-task-io-reactor.h': Permission denied
rm: cannot remove '/tmp/nix-shell-968153-2293144957/tmp.Ge9KkJDDv4/source/hev-socks5-tunnel/third-part/hev-task-system/src/kern/io/hev-task-io-reactor-kqueue.h': Permission denied
rm: cannot remove '/tmp/nix-shell-968153-2293144957/tmp.Ge9KkJDDv4/source/hev-socks5-tunnel/third-part/hev-task-system/src/kern/io/hev-task-io-reactor-iocp.c': Permission denied
rm: cannot remove '/tmp/nix-shell-968153-2293144957/tmp.Ge9KkJDDv4/source/hev-socks5-tunnel/third-part/hev-task-system/src/kern/io/hev-task-io-reactor-epoll.c': Permission denied
rm: cannot remove '/tmp/nix-shell-968153-2293144957/tmp.Ge9KkJDDv4/source/hev-socks5-tunnel/third-part/hev-task-system/src/kern/sync/hev-task-mutex.h': Permission denied
rm: cannot remove '/tmp/nix-shell-968153-2293144957/tmp.Ge9KkJDDv4/source/hev-socks5-tunnel/third-part/hev-task-system/src/kern/sync/hev-task-cond.c': Permission denied
rm: cannot remove '/tmp/nix-shell-968153-2293144957/tmp.Ge9KkJDDv4/source/hev-socks5-tunnel/third-part/hev-task-system/src/kern/sync/hev-task-mutex.c': Permission denied
rm: cannot remove '/tmp/nix-shell-968153-2293144957/tmp.Ge9KkJDDv4/source/hev-socks5-tunnel/third-part/hev-task-system/src/kern/sync/hev-task-cond.h': Permission denied
rm: cannot remove '/tmp/nix-shell-968153-2293144957/tmp.Ge9KkJDDv4/source/hev-socks5-tunnel/third-part/hev-task-system/src/kern/time/hev-task-timer.c': Permission denied
rm: cannot remove '/tmp/nix-shell-968153-2293144957/tmp.Ge9KkJDDv4/source/hev-socks5-tunnel/third-part/hev-task-system/src/kern/time/hev-task-timer.h': Permission denied
rm: cannot remove '/tmp/nix-shell-968153-2293144957/tmp.Ge9KkJDDv4/source/hev-socks5-tunnel/third-part/hev-task-system/src/kern/task/hev-task-executer.c': Permission denied
rm: cannot remove '/tmp/nix-shell-968153-2293144957/tmp.Ge9KkJDDv4/source/hev-socks5-tunnel/third-part/hev-task-system/src/kern/task/hev-task-private.h': Permission denied
rm: cannot remove '/tmp/nix-shell-968153-2293144957/tmp.Ge9KkJDDv4/source/hev-socks5-tunnel/third-part/hev-task-system/src/kern/task/hev-task.h': Permission denied
rm: cannot remove '/tmp/nix-shell-968153-2293144957/tmp.Ge9KkJDDv4/source/hev-socks5-tunnel/third-part/hev-task-system/src/kern/task/hev-task-stack.h': Permission denied
rm: cannot remove '/tmp/nix-shell-968153-2293144957/tmp.Ge9KkJDDv4/source/hev-socks5-tunnel/third-part/hev-task-system/src/kern/task/hev-task-call.c': Permission denied
rm: cannot remove '/tmp/nix-shell-968153-2293144957/tmp.Ge9KkJDDv4/source/hev-socks5-tunnel/third-part/hev-task-system/src/kern/task/hev-task-executer.h': Permission denied
rm: cannot remove '/tmp/nix-shell-968153-2293144957/tmp.Ge9KkJDDv4/source/hev-socks5-tunnel/third-part/hev-task-system/src/kern/task/hev-task-execute.S': Permission denied
rm: cannot remove '/tmp/nix-shell-968153-2293144957/tmp.Ge9KkJDDv4/source/hev-socks5-tunnel/third-part/hev-task-system/src/kern/task/hev-task-stack-heap.c': Permission denied
rm: cannot remove '/tmp/nix-shell-968153-2293144957/tmp.Ge9KkJDDv4/source/hev-socks5-tunnel/third-part/hev-task-system/src/kern/task/hev-task-call.h': Permission denied
rm: cannot remove '/tmp/nix-shell-968153-2293144957/tmp.Ge9KkJDDv4/source/hev-socks5-tunnel/third-part/hev-task-system/src/kern/task/hev-task-stack-mmap.c': Permission denied
rm: cannot remove '/tmp/nix-shell-968153-2293144957/tmp.Ge9KkJDDv4/source/hev-socks5-tunnel/third-part/hev-task-system/src/kern/task/hev-task.c': Permission denied
rm: cannot remove '/tmp/nix-shell-968153-2293144957/tmp.Ge9KkJDDv4/source/hev-socks5-tunnel/third-part/hev-task-system/src/kern/aide/hev-task-aide.h': Permission denied
rm: cannot remove '/tmp/nix-shell-968153-2293144957/tmp.Ge9KkJDDv4/source/hev-socks5-tunnel/third-part/hev-task-system/src/kern/aide/hev-task-aide.c': Permission denied
rm: cannot remove '/tmp/nix-shell-968153-2293144957/tmp.Ge9KkJDDv4/source/hev-socks5-tunnel/third-part/hev-task-system/src/arch/openrisc/hev-task-execute-or1k.s': Permission denied
rm: cannot remove '/tmp/nix-shell-968153-2293144957/tmp.Ge9KkJDDv4/source/hev-socks5-tunnel/third-part/hev-task-system/src/arch/mips/hev-task-execute-mips64.s': Permission denied
rm: cannot remove '/tmp/nix-shell-968153-2293144957/tmp.Ge9KkJDDv4/source/hev-socks5-tunnel/third-part/hev-task-system/src/arch/mips/hev-task-execute-mips32.s': Permission denied
rm: cannot remove '/tmp/nix-shell-968153-2293144957/tmp.Ge9KkJDDv4/source/hev-socks5-tunnel/third-part/hev-task-system/src/arch/arc/hev-task-execute-arc32.s': Permission denied
rm: cannot remove '/tmp/nix-shell-968153-2293144957/tmp.Ge9KkJDDv4/source/hev-socks5-tunnel/third-part/hev-task-system/src/arch/microblaze/hev-task-execute-microblaze.s': Permission denied
rm: cannot remove '/tmp/nix-shell-968153-2293144957/tmp.Ge9KkJDDv4/source/hev-socks5-tunnel/third-part/hev-task-system/src/arch/sh/hev-task-execute-sh.s': Permission denied
rm: cannot remove '/tmp/nix-shell-968153-2293144957/tmp.Ge9KkJDDv4/source/hev-socks5-tunnel/third-part/hev-task-system/src/arch/x86/hev-task-execute-x86_64.s': Permission denied
rm: cannot remove '/tmp/nix-shell-968153-2293144957/tmp.Ge9KkJDDv4/source/hev-socks5-tunnel/third-part/hev-task-system/src/arch/x86/hev-task-execute-x86.s': Permission denied
rm: cannot remove '/tmp/nix-shell-968153-2293144957/tmp.Ge9KkJDDv4/source/hev-socks5-tunnel/third-part/hev-task-system/src/arch/x86/asm.h': Permission denied
rm: cannot remove '/tmp/nix-shell-968153-2293144957/tmp.Ge9KkJDDv4/source/hev-socks5-tunnel/third-part/hev-task-system/src/arch/arm/hev-task-execute-aarch64.s': Permission denied
rm: cannot remove '/tmp/nix-shell-968153-2293144957/tmp.Ge9KkJDDv4/source/hev-socks5-tunnel/third-part/hev-task-system/src/arch/arm/hev-task-execute-arm.s': Permission denied
rm: cannot remove '/tmp/nix-shell-968153-2293144957/tmp.Ge9KkJDDv4/source/hev-socks5-tunnel/third-part/hev-task-system/src/arch/arm/asm.h': Permission denied
rm: cannot remove '/tmp/nix-shell-968153-2293144957/tmp.Ge9KkJDDv4/source/hev-socks5-tunnel/third-part/hev-task-system/src/arch/ppc/hev-task-execute-ppc64.s': Permission denied
rm: cannot remove '/tmp/nix-shell-968153-2293144957/tmp.Ge9KkJDDv4/source/hev-socks5-tunnel/third-part/hev-task-system/src/arch/ppc/hev-task-execute-ppc32.s': Permission denied
rm: cannot remove '/tmp/nix-shell-968153-2293144957/tmp.Ge9KkJDDv4/source/hev-socks5-tunnel/third-part/hev-task-system/src/arch/loong/hev-task-execute-la32.s': Permission denied
rm: cannot remove '/tmp/nix-shell-968153-2293144957/tmp.Ge9KkJDDv4/source/hev-socks5-tunnel/third-part/hev-task-system/src/arch/loong/hev-task-execute-la64.s': Permission denied
rm: cannot remove '/tmp/nix-shell-968153-2293144957/tmp.Ge9KkJDDv4/source/hev-socks5-tunnel/third-part/hev-task-system/src/arch/m68k/hev-task-execute-m68k.s': Permission denied
rm: cannot remove '/tmp/nix-shell-968153-2293144957/tmp.Ge9KkJDDv4/source/hev-socks5-tunnel/third-part/hev-task-system/src/arch/sw64/hev-task-execute-sw64.s': Permission denied
rm: cannot remove '/tmp/nix-shell-968153-2293144957/tmp.Ge9KkJDDv4/source/hev-socks5-tunnel/third-part/hev-task-system/src/arch/riscv/hev-task-execute-riscv32.s': Permission denied
rm: cannot remove '/tmp/nix-shell-968153-2293144957/tmp.Ge9KkJDDv4/source/hev-socks5-tunnel/third-part/hev-task-system/src/arch/riscv/hev-task-execute-riscv64.s': Permission denied
rm: cannot remove '/tmp/nix-shell-968153-2293144957/tmp.Ge9KkJDDv4/source/hev-socks5-tunnel/third-part/hev-task-system/src/arch/s390/hev-task-execute-s390x.s': Permission denied
rm: cannot remove '/tmp/nix-shell-968153-2293144957/tmp.Ge9KkJDDv4/source/hev-socks5-tunnel/third-part/hev-task-system/src/lib/rbtree/hev-rbtree.h': Permission denied
rm: cannot remove '/tmp/nix-shell-968153-2293144957/tmp.Ge9KkJDDv4/source/hev-socks5-tunnel/third-part/hev-task-system/src/lib/rbtree/hev-rbtree-cached.c': Permission denied
rm: cannot remove '/tmp/nix-shell-968153-2293144957/tmp.Ge9KkJDDv4/source/hev-socks5-tunnel/third-part/hev-task-system/src/lib/rbtree/hev-rbtree.c': Permission denied
rm: cannot remove '/tmp/nix-shell-968153-2293144957/tmp.Ge9KkJDDv4/source/hev-socks5-tunnel/third-part/hev-task-system/src/lib/rbtree/hev-rbtree-cached.h': Permission denied
rm: cannot remove '/tmp/nix-shell-968153-2293144957/tmp.Ge9KkJDDv4/source/hev-socks5-tunnel/third-part/hev-task-system/src/lib/object/hev-object.h': Permission denied
rm: cannot remove '/tmp/nix-shell-968153-2293144957/tmp.Ge9KkJDDv4/source/hev-socks5-tunnel/third-part/hev-task-system/src/lib/object/hev-object-atomic.c': Permission denied
rm: cannot remove '/tmp/nix-shell-968153-2293144957/tmp.Ge9KkJDDv4/source/hev-socks5-tunnel/third-part/hev-task-system/src/lib/object/hev-object-atomic.h': Permission denied
rm: cannot remove '/tmp/nix-shell-968153-2293144957/tmp.Ge9KkJDDv4/source/hev-socks5-tunnel/third-part/hev-task-system/src/lib/object/hev-object.c': Permission denied
rm: cannot remove '/tmp/nix-shell-968153-2293144957/tmp.Ge9KkJDDv4/source/hev-socks5-tunnel/third-part/hev-task-system/src/lib/dns/hev-task-dns.h': Permission denied
rm: cannot remove '/tmp/nix-shell-968153-2293144957/tmp.Ge9KkJDDv4/source/hev-socks5-tunnel/third-part/hev-task-system/src/lib/dns/hev-task-dns-proxy.c': Permission denied
rm: cannot remove '/tmp/nix-shell-968153-2293144957/tmp.Ge9KkJDDv4/source/hev-socks5-tunnel/third-part/hev-task-system/src/lib/dns/hev-task-dns.c': Permission denied
rm: cannot remove '/tmp/nix-shell-968153-2293144957/tmp.Ge9KkJDDv4/source/hev-socks5-tunnel/third-part/hev-task-system/src/lib/dns/hev-task-dns-proxy.h': Permission denied
rm: cannot remove '/tmp/nix-shell-968153-2293144957/tmp.Ge9KkJDDv4/source/hev-socks5-tunnel/third-part/hev-task-system/src/lib/io/socket/hev-task-io-socket.c': Permission denied
rm: cannot remove '/tmp/nix-shell-968153-2293144957/tmp.Ge9KkJDDv4/source/hev-socks5-tunnel/third-part/hev-task-system/src/lib/io/socket/hev-task-io-socket.h': Permission denied
rm: cannot remove '/tmp/nix-shell-968153-2293144957/tmp.Ge9KkJDDv4/source/hev-socks5-tunnel/third-part/hev-task-system/src/lib/io/buffer/hev-circular-buffer.h': Permission denied
rm: cannot remove '/tmp/nix-shell-968153-2293144957/tmp.Ge9KkJDDv4/source/hev-socks5-tunnel/third-part/hev-task-system/src/lib/io/buffer/hev-circular-buffer.c': Permission denied
rm: cannot remove '/tmp/nix-shell-968153-2293144957/tmp.Ge9KkJDDv4/source/hev-socks5-tunnel/third-part/hev-task-system/src/lib/io/poll/hev-task-io-poll.h': Permission denied
rm: cannot remove '/tmp/nix-shell-968153-2293144957/tmp.Ge9KkJDDv4/source/hev-socks5-tunnel/third-part/hev-task-system/src/lib/io/poll/hev-task-io-poll.c': Permission denied
rm: cannot remove '/tmp/nix-shell-968153-2293144957/tmp.Ge9KkJDDv4/source/hev-socks5-tunnel/third-part/hev-task-system/src/lib/io/pipe/hev-task-io-pipe.c': Permission denied
rm: cannot remove '/tmp/nix-shell-968153-2293144957/tmp.Ge9KkJDDv4/source/hev-socks5-tunnel/third-part/hev-task-system/src/lib/io/pipe/hev-task-io-pipe.h': Permission denied
rm: cannot remove '/tmp/nix-shell-968153-2293144957/tmp.Ge9KkJDDv4/source/hev-socks5-tunnel/third-part/hev-task-system/src/lib/io/basic/hev-task-io.h': Permission denied
rm: cannot remove '/tmp/nix-shell-968153-2293144957/tmp.Ge9KkJDDv4/source/hev-socks5-tunnel/third-part/hev-task-system/src/lib/io/basic/hev-task-io.c': Permission denied
rm: cannot remove '/tmp/nix-shell-968153-2293144957/tmp.Ge9KkJDDv4/source/hev-socks5-tunnel/third-part/hev-task-system/src/lib/list/hev-list.c': Permission denied
rm: cannot remove '/tmp/nix-shell-968153-2293144957/tmp.Ge9KkJDDv4/source/hev-socks5-tunnel/third-part/hev-task-system/src/lib/list/hev-list.h': Permission denied
rm: cannot remove '/tmp/nix-shell-968153-2293144957/tmp.Ge9KkJDDv4/source/hev-socks5-tunnel/third-part/hev-task-system/src/lib/misc/hev-task-stack-detector.c': Permission denied
rm: cannot remove '/tmp/nix-shell-968153-2293144957/tmp.Ge9KkJDDv4/source/hev-socks5-tunnel/third-part/hev-task-system/src/lib/misc/hev-debugger.c': Permission denied
rm: cannot remove '/tmp/nix-shell-968153-2293144957/tmp.Ge9KkJDDv4/source/hev-socks5-tunnel/third-part/hev-task-system/src/lib/misc/hev-task-stack-detector.h': Permission denied
rm: cannot remove '/tmp/nix-shell-968153-2293144957/tmp.Ge9KkJDDv4/source/hev-socks5-tunnel/third-part/hev-task-system/src/lib/misc/hev-compiler.h': Permission denied
rm: cannot remove '/tmp/nix-shell-968153-2293144957/tmp.Ge9KkJDDv4/source/hev-socks5-tunnel/third-part/hev-task-system/src/lib/misc/hev-windows-api.h': Permission denied
rm: cannot remove '/tmp/nix-shell-968153-2293144957/tmp.Ge9KkJDDv4/source/hev-socks5-tunnel/third-part/hev-task-system/src/lib/misc/hev-debugger.h': Permission denied
rm: cannot remove '/tmp/nix-shell-968153-2293144957/tmp.Ge9KkJDDv4/source/hev-socks5-tunnel/third-part/hev-task-system/src/mem/base/hev-memory-allocator.c': Permission denied
rm: cannot remove '/tmp/nix-shell-968153-2293144957/tmp.Ge9KkJDDv4/source/hev-socks5-tunnel/third-part/hev-task-system/src/mem/base/hev-memory-allocator.h': Permission denied
rm: cannot remove '/tmp/nix-shell-968153-2293144957/tmp.Ge9KkJDDv4/source/hev-socks5-tunnel/third-part/hev-task-system/src/mem/simple/hev-memory-allocator-simple.h': Permission denied
rm: cannot remove '/tmp/nix-shell-968153-2293144957/tmp.Ge9KkJDDv4/source/hev-socks5-tunnel/third-part/hev-task-system/src/mem/simple/hev-memory-allocator-simple.c': Permission denied
rm: cannot remove '/tmp/nix-shell-968153-2293144957/tmp.Ge9KkJDDv4/source/hev-socks5-tunnel/third-part/hev-task-system/src/mem/slice/hev-memory-allocator-slice.c': Permission denied
rm: cannot remove '/tmp/nix-shell-968153-2293144957/tmp.Ge9KkJDDv4/source/hev-socks5-tunnel/third-part/hev-task-system/src/mem/slice/hev-memory-allocator-slice.h': Permission denied
rm: cannot remove '/tmp/nix-shell-968153-2293144957/tmp.Ge9KkJDDv4/source/hev-socks5-tunnel/third-part/hev-task-system/src/mem/api/hev-memory-allocator-api.h': Permission denied
rm: cannot remove '/tmp/nix-shell-968153-2293144957/tmp.Ge9KkJDDv4/source/hev-socks5-tunnel/third-part/hev-task-system/src/mem/api/hev-memory-allocator-api.c': Permission denied
rm: cannot remove '/tmp/nix-shell-968153-2293144957/tmp.Ge9KkJDDv4/source/hev-socks5-tunnel/third-part/hev-task-system/.gitignore': Permission denied
rm: cannot remove '/tmp/nix-shell-968153-2293144957/tmp.Ge9KkJDDv4/source/hev-socks5-tunnel/third-part/wintun/LICENSE.txt': Permission denied
rm: cannot remove '/tmp/nix-shell-968153-2293144957/tmp.Ge9KkJDDv4/source/hev-socks5-tunnel/third-part/wintun/README.md': Permission denied
rm: cannot remove '/tmp/nix-shell-968153-2293144957/tmp.Ge9KkJDDv4/source/hev-socks5-tunnel/third-part/wintun/include/wintun.h': Permission denied
rm: cannot remove '/tmp/nix-shell-968153-2293144957/tmp.Ge9KkJDDv4/source/hev-socks5-tunnel/third-part/wintun/bin/wintun.dll': Permission denied
rm: cannot remove '/tmp/nix-shell-968153-2293144957/tmp.Ge9KkJDDv4/source/hev-socks5-tunnel/build.mk': Permission denied
rm: cannot remove '/tmp/nix-shell-968153-2293144957/tmp.Ge9KkJDDv4/source/hev-socks5-tunnel/.clang-format': Permission denied
rm: cannot remove '/tmp/nix-shell-968153-2293144957/tmp.Ge9KkJDDv4/source/hev-socks5-tunnel/docker/entrypoint.sh': Permission denied
rm: cannot remove '/tmp/nix-shell-968153-2293144957/tmp.Ge9KkJDDv4/source/hev-socks5-tunnel/LICENSE': Permission denied
rm: cannot remove '/tmp/nix-shell-968153-2293144957/tmp.Ge9KkJDDv4/source/hev-socks5-tunnel/README.md': Permission denied
rm: cannot remove '/tmp/nix-shell-968153-2293144957/tmp.Ge9KkJDDv4/source/hev-socks5-tunnel/.gitmodules': Permission denied
rm: cannot remove '/tmp/nix-shell-968153-2293144957/tmp.Ge9KkJDDv4/source/hev-socks5-tunnel/include/hev-socks5-tunnel.h': Permission denied
rm: cannot remove '/tmp/nix-shell-968153-2293144957/tmp.Ge9KkJDDv4/source/hev-socks5-tunnel/.github/workflows/code-format.yaml': Permission denied
rm: cannot remove '/tmp/nix-shell-968153-2293144957/tmp.Ge9KkJDDv4/source/hev-socks5-tunnel/.github/workflows/build.yaml': Permission denied
rm: cannot remove '/tmp/nix-shell-968153-2293144957/tmp.Ge9KkJDDv4/source/hev-socks5-tunnel/src/hev-mapped-dns.c': Permission denied
rm: cannot remove '/tmp/nix-shell-968153-2293144957/tmp.Ge9KkJDDv4/source/hev-socks5-tunnel/src/hev-socks5-session-udp.c': Permission denied
rm: cannot remove '/tmp/nix-shell-968153-2293144957/tmp.Ge9KkJDDv4/source/hev-socks5-tunnel/src/hev-socks5-session-tcp.c': Permission denied
rm: cannot remove '/tmp/nix-shell-968153-2293144957/tmp.Ge9KkJDDv4/source/hev-socks5-tunnel/src/hev-tunnel-windows.h': Permission denied
rm: cannot remove '/tmp/nix-shell-968153-2293144957/tmp.Ge9KkJDDv4/source/hev-socks5-tunnel/src/hev-main.h': Permission denied
rm: cannot remove '/tmp/nix-shell-968153-2293144957/tmp.Ge9KkJDDv4/source/hev-socks5-tunnel/src/hev-tunnel-macos.h': Permission denied
rm: cannot remove '/tmp/nix-shell-968153-2293144957/tmp.Ge9KkJDDv4/source/hev-socks5-tunnel/src/hev-jni.c': Permission denied
rm: cannot remove '/tmp/nix-shell-968153-2293144957/tmp.Ge9KkJDDv4/source/hev-socks5-tunnel/src/core/.github/workflows/code-format.yaml': Permission denied
rm: cannot remove '/tmp/nix-shell-968153-2293144957/tmp.Ge9KkJDDv4/source/hev-socks5-tunnel/src/core/include/hev-socks5-server.h': Permission denied
rm: cannot remove '/tmp/nix-shell-968153-2293144957/tmp.Ge9KkJDDv4/source/hev-socks5-tunnel/src/core/include/hev-socks5-authenticator.h': Permission denied
rm: cannot remove '/tmp/nix-shell-968153-2293144957/tmp.Ge9KkJDDv4/source/hev-socks5-tunnel/src/core/include/hev-socks5-user.h': Permission denied
rm: cannot remove '/tmp/nix-shell-968153-2293144957/tmp.Ge9KkJDDv4/source/hev-socks5-tunnel/src/core/include/hev-socks5-proto.h': Permission denied
rm: cannot remove '/tmp/nix-shell-968153-2293144957/tmp.Ge9KkJDDv4/source/hev-socks5-tunnel/src/core/include/hev-socks5-misc.h': Permission denied
rm: cannot remove '/tmp/nix-shell-968153-2293144957/tmp.Ge9KkJDDv4/source/hev-socks5-tunnel/src/core/include/hev-socks5-logger.h': Permission denied
rm: cannot remove '/tmp/nix-shell-968153-2293144957/tmp.Ge9KkJDDv4/source/hev-socks5-tunnel/src/core/include/hev-socks5-tcp.h': Permission denied
rm: cannot remove '/tmp/nix-shell-968153-2293144957/tmp.Ge9KkJDDv4/source/hev-socks5-tunnel/src/core/include/hev-socks5-udp.h': Permission denied
rm: cannot remove '/tmp/nix-shell-968153-2293144957/tmp.Ge9KkJDDv4/source/hev-socks5-tunnel/src/core/include/hev-socks5.h': Permission denied
rm: cannot remove '/tmp/nix-shell-968153-2293144957/tmp.Ge9KkJDDv4/source/hev-socks5-tunnel/src/core/include/hev-socks5-client-tcp.h': Permission denied
rm: cannot remove '/tmp/nix-shell-968153-2293144957/tmp.Ge9KkJDDv4/source/hev-socks5-tunnel/src/core/include/hev-socks5-client.h': Permission denied
rm: cannot remove '/tmp/nix-shell-968153-2293144957/tmp.Ge9KkJDDv4/source/hev-socks5-tunnel/src/core/include/hev-rbtree.h': Permission denied
rm: cannot remove '/tmp/nix-shell-968153-2293144957/tmp.Ge9KkJDDv4/source/hev-socks5-tunnel/src/core/include/hev-socks5-client-udp.h': Permission denied
rm: cannot remove '/tmp/nix-shell-968153-2293144957/tmp.Ge9KkJDDv4/source/hev-socks5-tunnel/src/core/README.md': Permission denied
rm: cannot remove '/tmp/nix-shell-968153-2293144957/tmp.Ge9KkJDDv4/source/hev-socks5-tunnel/src/core/src/hev-socks5-logger-priv.h': Permission denied
rm: cannot remove '/tmp/nix-shell-968153-2293144957/tmp.Ge9KkJDDv4/source/hev-socks5-tunnel/src/core/src/hev-socks5-client.c': Permission denied
rm: cannot remove '/tmp/nix-shell-968153-2293144957/tmp.Ge9KkJDDv4/source/hev-socks5-tunnel/src/core/src/hev-socks5-udp.c': Permission denied
rm: cannot remove '/tmp/nix-shell-968153-2293144957/tmp.Ge9KkJDDv4/source/hev-socks5-tunnel/src/core/src/hev-socks5-tcp.c': Permission denied
rm: cannot remove '/tmp/nix-shell-968153-2293144957/tmp.Ge9KkJDDv4/source/hev-socks5-tunnel/src/core/src/hev-socks5-misc-priv.h': Permission denied
rm: cannot remove '/tmp/nix-shell-968153-2293144957/tmp.Ge9KkJDDv4/source/hev-socks5-tunnel/src/core/src/hev-socks5-misc.h': Permission denied
rm: cannot remove '/tmp/nix-shell-968153-2293144957/tmp.Ge9KkJDDv4/source/hev-socks5-tunnel/src/core/src/hev-socks5-authenticator.c': Permission denied
rm: cannot remove '/tmp/nix-shell-968153-2293144957/tmp.Ge9KkJDDv4/source/hev-socks5-tunnel/src/core/src/hev-socks5-logger.c': Permission denied
rm: cannot remove '/tmp/nix-shell-968153-2293144957/tmp.Ge9KkJDDv4/source/hev-socks5-tunnel/src/core/src/hev-socks5-user.c': Permission denied
rm: cannot remove '/tmp/nix-shell-968153-2293144957/tmp.Ge9KkJDDv4/source/hev-socks5-tunnel/src/core/src/hev-socks5.c': Permission denied
rm: cannot remove '/tmp/nix-shell-968153-2293144957/tmp.Ge9KkJDDv4/source/hev-socks5-tunnel/src/core/src/hev-socks5-server.h': Permission denied
rm: cannot remove '/tmp/nix-shell-968153-2293144957/tmp.Ge9KkJDDv4/source/hev-socks5-tunnel/src/core/src/hev-rbtree.c': Permission denied
rm: cannot remove '/tmp/nix-shell-968153-2293144957/tmp.Ge9KkJDDv4/source/hev-socks5-tunnel/src/core/src/hev-socks5-client-udp.h': Permission denied
rm: cannot remove '/tmp/nix-shell-968153-2293144957/tmp.Ge9KkJDDv4/source/hev-socks5-tunnel/src/core/src/hev-socks5-client-tcp.h': Permission denied
rm: cannot remove '/tmp/nix-shell-968153-2293144957/tmp.Ge9KkJDDv4/source/hev-socks5-tunnel/src/core/src/hev-socks5-misc.c': Permission denied
rm: cannot remove '/tmp/nix-shell-968153-2293144957/tmp.Ge9KkJDDv4/source/hev-socks5-tunnel/src/core/src/hev-compiler.h': Permission denied
rm: cannot remove '/tmp/nix-shell-968153-2293144957/tmp.Ge9KkJDDv4/source/hev-socks5-tunnel/src/core/src/hev-socks5-udp.h': Permission denied
rm: cannot remove '/tmp/nix-shell-968153-2293144957/tmp.Ge9KkJDDv4/source/hev-socks5-tunnel/src/core/src/hev-socks5-tcp.h': Permission denied
rm: cannot remove '/tmp/nix-shell-968153-2293144957/tmp.Ge9KkJDDv4/source/hev-socks5-tunnel/src/core/src/hev-socks5-client.h': Permission denied
rm: cannot remove '/tmp/nix-shell-968153-2293144957/tmp.Ge9KkJDDv4/source/hev-socks5-tunnel/src/core/src/hev-rbtree.h': Permission denied
rm: cannot remove '/tmp/nix-shell-968153-2293144957/tmp.Ge9KkJDDv4/source/hev-socks5-tunnel/src/core/src/hev-socks5-client-udp.c': Permission denied
rm: cannot remove '/tmp/nix-shell-968153-2293144957/tmp.Ge9KkJDDv4/source/hev-socks5-tunnel/src/core/src/hev-socks5-client-tcp.c': Permission denied
rm: cannot remove '/tmp/nix-shell-968153-2293144957/tmp.Ge9KkJDDv4/source/hev-socks5-tunnel/src/core/src/hev-socks5.h': Permission denied
rm: cannot remove '/tmp/nix-shell-968153-2293144957/tmp.Ge9KkJDDv4/source/hev-socks5-tunnel/src/core/src/hev-socks5-server.c': Permission denied
rm: cannot remove '/tmp/nix-shell-968153-2293144957/tmp.Ge9KkJDDv4/source/hev-socks5-tunnel/src/core/src/hev-socks5-user.h': Permission denied
rm: cannot remove '/tmp/nix-shell-968153-2293144957/tmp.Ge9KkJDDv4/source/hev-socks5-tunnel/src/core/src/hev-socks5-proto.h': Permission denied
rm: cannot remove '/tmp/nix-shell-968153-2293144957/tmp.Ge9KkJDDv4/source/hev-socks5-tunnel/src/core/src/hev-socks5-authenticator.h': Permission denied
rm: cannot remove '/tmp/nix-shell-968153-2293144957/tmp.Ge9KkJDDv4/source/hev-socks5-tunnel/src/core/src/hev-socks5-logger.h': Permission denied
rm: cannot remove '/tmp/nix-shell-968153-2293144957/tmp.Ge9KkJDDv4/source/hev-socks5-tunnel/src/core/.clang-format': Permission denied
rm: cannot remove '/tmp/nix-shell-968153-2293144957/tmp.Ge9KkJDDv4/source/hev-socks5-tunnel/src/core/LICENSE': Permission denied
rm: cannot remove '/tmp/nix-shell-968153-2293144957/tmp.Ge9KkJDDv4/source/hev-socks5-tunnel/src/hev-tunnel.h': Permission denied
rm: cannot remove '/tmp/nix-shell-968153-2293144957/tmp.Ge9KkJDDv4/source/hev-socks5-tunnel/src/hev-socks5-tunnel.h': Permission denied
rm: cannot remove '/tmp/nix-shell-968153-2293144957/tmp.Ge9KkJDDv4/source/hev-socks5-tunnel/src/hev-config.c': Permission denied
rm: cannot remove '/tmp/nix-shell-968153-2293144957/tmp.Ge9KkJDDv4/source/hev-socks5-tunnel/src/hev-tunnel-linux.h': Permission denied
rm: cannot remove '/tmp/nix-shell-968153-2293144957/tmp.Ge9KkJDDv4/source/hev-socks5-tunnel/src/hev-socks5-session.h': Permission denied
rm: cannot remove '/tmp/nix-shell-968153-2293144957/tmp.Ge9KkJDDv4/source/hev-socks5-tunnel/src/hev-tunnel-netbsd.h': Permission denied
rm: cannot remove '/tmp/nix-shell-968153-2293144957/tmp.Ge9KkJDDv4/source/hev-socks5-tunnel/src/hev-tunnel-freebsd.c': Permission denied
rm: cannot remove '/tmp/nix-shell-968153-2293144957/tmp.Ge9KkJDDv4/source/hev-socks5-tunnel/src/hev-tunnel-macos.c': Permission denied
rm: cannot remove '/tmp/nix-shell-968153-2293144957/tmp.Ge9KkJDDv4/source/hev-socks5-tunnel/src/hev-jni.h': Permission denied
rm: cannot remove '/tmp/nix-shell-968153-2293144957/tmp.Ge9KkJDDv4/source/hev-socks5-tunnel/src/hev-main.c': Permission denied
rm: cannot remove '/tmp/nix-shell-968153-2293144957/tmp.Ge9KkJDDv4/source/hev-socks5-tunnel/src/hev-socks5-session-udp.h': Permission denied
rm: cannot remove '/tmp/nix-shell-968153-2293144957/tmp.Ge9KkJDDv4/source/hev-socks5-tunnel/src/hev-socks5-session-tcp.h': Permission denied
rm: cannot remove '/tmp/nix-shell-968153-2293144957/tmp.Ge9KkJDDv4/source/hev-socks5-tunnel/src/hev-tunnel-windows.c': Permission denied
rm: cannot remove '/tmp/nix-shell-968153-2293144957/tmp.Ge9KkJDDv4/source/hev-socks5-tunnel/src/hev-mapped-dns.h': Permission denied
rm: cannot remove '/tmp/nix-shell-968153-2293144957/tmp.Ge9KkJDDv4/source/hev-socks5-tunnel/src/misc/hev-utils.h': Permission denied
rm: cannot remove '/tmp/nix-shell-968153-2293144957/tmp.Ge9KkJDDv4/source/hev-socks5-tunnel/src/misc/hev-logger.c': Permission denied
rm: cannot remove '/tmp/nix-shell-968153-2293144957/tmp.Ge9KkJDDv4/source/hev-socks5-tunnel/src/misc/hev-exec.c': Permission denied
rm: cannot remove '/tmp/nix-shell-968153-2293144957/tmp.Ge9KkJDDv4/source/hev-socks5-tunnel/src/misc/hev-wintun.c': Permission denied
rm: cannot remove '/tmp/nix-shell-968153-2293144957/tmp.Ge9KkJDDv4/source/hev-socks5-tunnel/src/misc/hev-list.h': Permission denied
rm: cannot remove '/tmp/nix-shell-968153-2293144957/tmp.Ge9KkJDDv4/source/hev-socks5-tunnel/src/misc/hev-ring-buffer.c': Permission denied
rm: cannot remove '/tmp/nix-shell-968153-2293144957/tmp.Ge9KkJDDv4/source/hev-socks5-tunnel/src/misc/hev-compiler.h': Permission denied
rm: cannot remove '/tmp/nix-shell-968153-2293144957/tmp.Ge9KkJDDv4/source/hev-socks5-tunnel/src/misc/hev-logger.h': Permission denied
rm: cannot remove '/tmp/nix-shell-968153-2293144957/tmp.Ge9KkJDDv4/source/hev-socks5-tunnel/src/misc/hev-exec.h': Permission denied
rm: cannot remove '/tmp/nix-shell-968153-2293144957/tmp.Ge9KkJDDv4/source/hev-socks5-tunnel/src/misc/hev-wintun.h': Permission denied
rm: cannot remove '/tmp/nix-shell-968153-2293144957/tmp.Ge9KkJDDv4/source/hev-socks5-tunnel/src/misc/hev-utils.c': Permission denied
rm: cannot remove '/tmp/nix-shell-968153-2293144957/tmp.Ge9KkJDDv4/source/hev-socks5-tunnel/src/misc/hev-list.c': Permission denied
rm: cannot remove '/tmp/nix-shell-968153-2293144957/tmp.Ge9KkJDDv4/source/hev-socks5-tunnel/src/misc/hev-ring-buffer.h': Permission denied
rm: cannot remove '/tmp/nix-shell-968153-2293144957/tmp.Ge9KkJDDv4/source/hev-socks5-tunnel/src/hev-config-const.h': Permission denied
rm: cannot remove '/tmp/nix-shell-968153-2293144957/tmp.Ge9KkJDDv4/source/hev-socks5-tunnel/src/hev-socks5-session.c': Permission denied
rm: cannot remove '/tmp/nix-shell-968153-2293144957/tmp.Ge9KkJDDv4/source/hev-socks5-tunnel/src/hev-tunnel-netbsd.c': Permission denied
rm: cannot remove '/tmp/nix-shell-968153-2293144957/tmp.Ge9KkJDDv4/source/hev-socks5-tunnel/src/hev-tunnel-freebsd.h': Permission denied
rm: cannot remove '/tmp/nix-shell-968153-2293144957/tmp.Ge9KkJDDv4/source/hev-socks5-tunnel/src/hev-tunnel-linux.c': Permission denied
rm: cannot remove '/tmp/nix-shell-968153-2293144957/tmp.Ge9KkJDDv4/source/hev-socks5-tunnel/src/hev-socks5-tunnel.c': Permission denied
rm: cannot remove '/tmp/nix-shell-968153-2293144957/tmp.Ge9KkJDDv4/source/hev-socks5-tunnel/src/hev-config.h': Permission denied
rm: cannot remove '/tmp/nix-shell-968153-2293144957/tmp.Ge9KkJDDv4/source/hev-socks5-tunnel/Dockerfile': Permission denied
rm: cannot remove '/tmp/nix-shell-968153-2293144957/tmp.Ge9KkJDDv4/source/hev-socks5-tunnel/conf/main.yml': Permission denied
rm: cannot remove '/tmp/nix-shell-968153-2293144957/tmp.Ge9KkJDDv4/source/hev-socks5-tunnel/.dockerignore': Permission denied
rm: cannot remove '/tmp/nix-shell-968153-2293144957/tmp.Ge9KkJDDv4/source/hev-socks5-tunnel/module.modulemap': Permission denied
rm: cannot remove '/tmp/nix-shell-968153-2293144957/tmp.Ge9KkJDDv4/source/hev-socks5-tunnel/Android.mk': Permission denied
rm: cannot remove '/tmp/nix-shell-968153-2293144957/tmp.Ge9KkJDDv4/source/hev-socks5-tunnel/build-apple.sh': Permission denied
rm: cannot remove '/tmp/nix-shell-968153-2293144957/tmp.Ge9KkJDDv4/source/hev-socks5-tunnel/Makefile': Permission denied
rm: cannot remove '/tmp/nix-shell-968153-2293144957/tmp.Ge9KkJDDv4/source/README.md': Permission denied
rm: cannot remove '/tmp/nix-shell-968153-2293144957/tmp.Ge9KkJDDv4/source/docs/AGENTS.md': Permission denied
rm: cannot remove '/tmp/nix-shell-968153-2293144957/tmp.Ge9KkJDDv4/source/compile-hevtun.sh': Permission denied
rm: cannot remove '/tmp/nix-shell-968153-2293144957/tmp.Ge9KkJDDv4/source/.gitmodules': Permission denied
rm: cannot remove '/tmp/nix-shell-968153-2293144957/tmp.Ge9KkJDDv4/source/.gitignore': Permission denied
rm: cannot remove '/tmp/nix-shell-968153-2293144957/tmp.Ge9KkJDDv4/source/AndroidLibXrayLite/assets/geosite.dat': Permission denied
rm: cannot remove '/tmp/nix-shell-968153-2293144957/tmp.Ge9KkJDDv4/source/AndroidLibXrayLite/assets/geoip.dat': Permission denied
rm: cannot remove '/tmp/nix-shell-968153-2293144957/tmp.Ge9KkJDDv4/source/AndroidLibXrayLite/libv2ray_main.go': Permission denied
rm: cannot remove '/tmp/nix-shell-968153-2293144957/tmp.Ge9KkJDDv4/source/AndroidLibXrayLite/gen_assets.sh': Permission denied
rm: cannot remove '/tmp/nix-shell-968153-2293144957/tmp.Ge9KkJDDv4/source/AndroidLibXrayLite/LICENSE': Permission denied
rm: cannot remove '/tmp/nix-shell-968153-2293144957/tmp.Ge9KkJDDv4/source/AndroidLibXrayLite/go.mod': Permission denied
rm: cannot remove '/tmp/nix-shell-968153-2293144957/tmp.Ge9KkJDDv4/source/AndroidLibXrayLite/libv2ray_certSha256.go': Permission denied
rm: cannot remove '/tmp/nix-shell-968153-2293144957/tmp.Ge9KkJDDv4/source/AndroidLibXrayLite/README.md': Permission denied
rm: cannot remove '/tmp/nix-shell-968153-2293144957/tmp.Ge9KkJDDv4/source/AndroidLibXrayLite/go.sum': Permission denied
rm: cannot remove '/tmp/nix-shell-968153-2293144957/tmp.Ge9KkJDDv4/source/AndroidLibXrayLite/.github/workflows/main.yml': Permission denied
rm: cannot remove '/tmp/nix-shell-968153-2293144957/tmp.Ge9KkJDDv4/source/AndroidLibXrayLite/.github/workflows/tidy.yml': Permission denied
rm: cannot remove '/tmp/nix-shell-968153-2293144957/tmp.Ge9KkJDDv4/source/AndroidLibXrayLite/libv2ray_android.go': Permission denied
rm: cannot remove '/tmp/nix-shell-968153-2293144957/tmp.Ge9KkJDDv4/source/AndroidLibXrayLite/.gitignore': Permission denied
rm: cannot remove '/tmp/nix-shell-968153-2293144957/tmp.Ge9KkJDDv4/source/CR.md': Permission denied
rm: cannot remove '/tmp/nix-shell-968153-2293144957/tmp.Ge9KkJDDv4/source/.github/ISSUE_TEMPLATE/bug_cn.md': Permission denied
rm: cannot remove '/tmp/nix-shell-968153-2293144957/tmp.Ge9KkJDDv4/source/.github/ISSUE_TEMPLATE/config.yml': Permission denied
rm: cannot remove '/tmp/nix-shell-968153-2293144957/tmp.Ge9KkJDDv4/source/.github/dependabot.yml': Permission denied
rm: cannot remove '/tmp/nix-shell-968153-2293144957/tmp.Ge9KkJDDv4/source/.github/workflows/fastlane.yml': Permission denied
rm: cannot remove '/tmp/nix-shell-968153-2293144957/tmp.Ge9KkJDDv4/source/.github/workflows/build.yml': Permission denied
